<html>
<body>
<pre>
<h1>礦ision Build Log</h1>
<h2>Tool Versions:</h2>
IDE-Version: μVision V5.15
Copyright (C) 2015 ARM Ltd and ARM Germany GmbH. All rights reserved.
License Information: Z Z, Z, LIC=AK112-9RWPH-ZCVJY-I5TNJ-AJNCE-U36HB
 
Tool Versions:
Toolchain:       MDK-ARM Professional  Version: 5.15.0
Toolchain Path:  C:\Keil_v5\ARM\ARMCC\Bin
C Compiler:      Armcc.exe V5.05 update 2 (build 169)
Assembler:       Armasm.exe V5.05 update 2 (build 169)
Linker/Locator:  ArmLink.exe V5.05 update 2 (build 169)
Library Manager: ArmAr.exe V5.05 update 2 (build 169)
Hex Converter:   FromElf.exe V5.05 update 2 (build 169)
CPU DLL:         SARMCM3.DLL V5.15.0
Dialog DLL:      DCM.DLL V1.13.2.0
Target DLL:      Segger\JL2CM3.dll V2.99.15.0
Dialog DLL:      TCM.DLL V1.14.5.0
 
<h2>Project:</h2>
E:\Tiko Workplace\source\allSource\MB1616DEV6\MB1616DEV6-01\usr\w5500\W5500EVB通过上位机配置+固件升级例程\W5500EVB通过上位机配置+固件升级例程\下位机例程\MDK5\app.uvproj
Project File Date:  11/22/2017

<h2>Output:</h2>
*** Using Compiler 'V5.05 update 2 (build 169)', folder: 'C:\Keil_v5\ARM\ARMCC\Bin'
Rebuild target 'Target 1'
compiling main.c...
compiling bsp_systick.c...
compiling bsp_usart.c...
compiling bsp_gpio.c...
compiling bsp_spi2.c...
compiling stm32f10x_it.c...
compiling core_cm3.c...
compiling system_stm32f10x.c...
assembling startup_stm32f10x_hd.s...
compiling misc.c...
compiling stm32f10x_gpio.c...
compiling stm32f10x_rcc.c...
compiling stm32f10x_spi.c...
compiling stm32f10x_usart.c...
compiling stm32f10x_bkp.c...
compiling md5.c...
compiling socket.c...
compiling w5500.c...
compiling device.c...
compiling utility.c...
compiling 24c16.c...
linking...
Program Size: Code=11064 RO-data=336 RW-data=112 ZI-data=3176  
FromELF: creating hex file...
After Build - User command #1: fromelf.exe --bin -o "..\output\app.bin" "..\output\app.axf"
"..\output\app.axf" - 0 Error(s), 0 Warning(s).
</pre>
</body>
</html>
