<html>
<body>
<pre>
<h1>µVision Build Log</h1>
<h2>Tool Versions:</h2>
IDE-Version: ¶ÃVision V5.15
Copyright (C) 2015 ARM Ltd and ARM Germany GmbH. All rights reserved.
License Information: Z Z, Z, LIC=AK112-9RWPH-ZCVJY-I5TNJ-AJNCE-U36HB
 
Tool Versions:
Toolchain:       MDK-ARM Professional  Version: 5.15.0
Toolchain Path:  C:\Keil_v5\ARM\ARMCC\Bin
C Compiler:      Armcc.exe V5.05 update 2 (build 169)
Assembler:       Armasm.exe V5.05 update 2 (build 169)
Linker/Locator:  ArmLink.exe V5.05 update 2 (build 169)
Library Manager: ArmAr.exe V5.05 update 2 (build 169)
Hex Converter:   FromElf.exe V5.05 update 2 (build 169)
CPU DLL:         SARMCM3.DLL V5.15.0
Dialog DLL:      DCM.DLL V1.13.2.0
Target DLL:      Segger\JL2CM3.dll V2.99.15.0
Dialog DLL:      TCM.DLL V1.14.5.0
 
<h2>Project:</h2>
E:\Tiko Workplace\source\allSource\MB1616DEV6\MB1616DEV6-01\usr\w5500\STM32+W5500_MQTT¡¨∞Ÿ∂»‘∆\MQTT_BaiduTG\Project\RVMDK£®uv4£©\Tcp_Client.uvproj
Project File Date:  03/29/2018

<h2>Output:</h2>
*** Using Compiler 'V5.05 update 2 (build 169)', folder: 'C:\Keil_v5\ARM\ARMCC\Bin'
Rebuild target 'Template'
assembling startup_stm32f10x_hd.s...
compiling core_cm3.c...
compiling system_stm32f10x.c...
compiling misc.c...
compiling stm32f10x_bkp.c...
compiling stm32f10x_exti.c...
compiling stm32f10x_flash.c...
compiling stm32f10x_gpio.c...
compiling stm32f10x_rcc.c...
compiling stm32f10x_spi.c...
compiling stm32f10x_tim.c...
compiling stm32f10x_usart.c...
compiling main.c...
compiling stm32f10x_it.c...
compiling bsp_usart1.c...
compiling bsp_led.c...
compiling bsp_i2c_ee.c...
compiling bsp_i2c_gpio.c...
compiling bsp_spi_flash.c...
compiling bsp_TiMbase.c...
compiling w5500_conf.c...
compiling w5500.c...
compiling socket.c...
compiling utility.c...
compiling tcp_demo.c...
compiling dhcp.c...
compiling MqttKit.c...
compiling onenet.c...
..\..\MQTT\onenet.c(127): warning:  #177-D: variable "dataPtr" was declared but never referenced
        unsigned char *dataPtr;
..\..\MQTT\onenet.c: 1 warning, 0 errors
linking...
Program Size: Code=26636 RO-data=548 RW-data=156 ZI-data=4948  
FromELF: creating hex file...
After Build - User command #1: fromelf.exe ..\..\Output\tcp_client.axf --vhx --8x1 --output main.hex;fromelf --bin -o "..\..\Output\tcp_client.bin" "..\..\Output\tcp_client.axf"
"..\..\Output\tcp_client.axf" - 0 Error(s), 1 Warning(s).
</pre>
</body>
</html>
