Component: ARM Compiler 5.05 update 2 (build 169) Tool: armlink [4d0f33]

==============================================================================

Section Cross References

    startup_stm32f10x_hd.o(RESET) refers to startup_stm32f10x_hd.o(STACK) for __initial_sp
    startup_stm32f10x_hd.o(RESET) refers to startup_stm32f10x_hd.o(.text) for Reset_Handler
    startup_stm32f10x_hd.o(RESET) refers to stm32f10x_it.o(.text) for NMI_Handler
    startup_stm32f10x_hd.o(RESET) refers to device.o(.text) for USART1_IRQHandler
    startup_stm32f10x_hd.o(.text) refers to system_stm32f10x.o(.text) for SystemInit
    startup_stm32f10x_hd.o(.text) refers to entry.o(.ARM.Collect$$$$00000000) for __main
    system_stm32f10x.o(.text) refers to system_stm32f10x.o(.data) for SystemCoreClock
    stm32f10x_adc.o(.text) refers to stm32f10x_rcc.o(.text) for RCC_APB2PeriphResetCmd
    stm32f10x_bkp.o(.text) refers to stm32f10x_rcc.o(.text) for RCC_BackupResetCmd
    stm32f10x_can.o(.text) refers to stm32f10x_rcc.o(.text) for RCC_APB1PeriphResetCmd
    stm32f10x_cec.o(.text) refers to stm32f10x_rcc.o(.text) for RCC_APB1PeriphResetCmd
    stm32f10x_dac.o(.text) refers to stm32f10x_rcc.o(.text) for RCC_APB1PeriphResetCmd
    stm32f10x_gpio.o(.text) refers to stm32f10x_rcc.o(.text) for RCC_APB2PeriphResetCmd
    stm32f10x_i2c.o(.text) refers to stm32f10x_rcc.o(.text) for RCC_APB1PeriphResetCmd
    stm32f10x_pwr.o(.text) refers to stm32f10x_rcc.o(.text) for RCC_APB1PeriphResetCmd
    stm32f10x_rcc.o(.text) refers to stm32f10x_rcc.o(.data) for APBAHBPrescTable
    stm32f10x_spi.o(.text) refers to stm32f10x_rcc.o(.text) for RCC_APB2PeriphResetCmd
    stm32f10x_tim.o(.text) refers to stm32f10x_rcc.o(.text) for RCC_APB2PeriphResetCmd
    stm32f10x_usart.o(.text) refers to stm32f10x_rcc.o(.text) for RCC_APB2PeriphResetCmd
    stm32f10x_wwdg.o(.text) refers to stm32f10x_rcc.o(.text) for RCC_APB1PeriphResetCmd
    at24c16.o(.text) refers to stm32f10x_gpio.o(.text) for GPIO_Init
    at24c16.o(.text) refers to util.o(.text) for Delay_us
    device.o(.text) refers to stm32f10x_gpio.o(.text) for GPIO_ResetBits
    device.o(.text) refers to util.o(.text) for Delay_us
    device.o(.text) refers to stm32f10x_usart.o(.text) for USART_ITConfig
    device.o(.text) refers to w5500.o(.text) for setSHAR
    device.o(.text) refers to at24c16.o(.text) for at24c16_write
    device.o(.text) refers to device.o(.bss) for ConfigMsg
    device.o(.text) refers to dhcp.o(.data) for GET_SIP
    device.o(.text) refers to device.o(.data) for rxsize
    main.o(.text) refers to mcu_init.o(.text) for RCC_Configuration
    main.o(.text) refers to util.o(.text) for Systick_Init
    main.o(.text) refers to device.o(.text) for USART1_Init
    main.o(.text) refers to at24c16.o(.text) for at24c16_init
    main.o(.text) refers to printf8.o(i.__0printf$8) for __2printf
    main.o(.text) refers to spi2.o(.text) for WIZ_SPI_Init
    main.o(.text) refers to dhcp.o(.text) for init_dhcp_client
    main.o(.text) refers to w5500.o(.text) for setRTR
    main.o(.text) refers to loopback.o(.text) for loopback_tcps
    main.o(.text) refers to main.o(.data) for C_Flag
    main.o(.text) refers to dhcp.o(.data) for dhcp_state
    mcu_init.o(.text) refers to stm32f10x_gpio.o(.text) for GPIO_Init
    mcu_init.o(.text) refers to stm32f10x_rcc.o(.text) for RCC_DeInit
    mcu_init.o(.text) refers to stm32f10x_flash.o(.text) for FLASH_PrefetchBufferCmd
    mcu_init.o(.text) refers to misc.o(.text) for NVIC_PriorityGroupConfig
    mcu_init.o(.text) refers to stm32f10x_exti.o(.text) for EXTI_Init
    sockutil.o(.text) refers to memseta.o(.text) for __aeabi_memclr
    sockutil.o(.text) refers to printf8.o(i.__0sprintf$8) for __2sprintf
    sockutil.o(.text) refers to printfa.o(i.__0printf) for __c89printf
    sockutil.o(.text) refers to strcpy.o(.text) for strcpy
    sockutil.o(.text) refers to strtok.o(.text) for strtok
    sockutil.o(.text) refers to util.o(.text) for ValidATOI
    sockutil.o(.text) refers to w5500.o(.text) for IINCHIP_READ
    sockutil.o(.text) refers to sockutil.o(.bss) for addr_str
    stm32f10x_it.o(.text) refers to stm32f10x_exti.o(.text) for EXTI_GetITStatus
    stm32f10x_it.o(.text) refers to user_app.o(.text) for ISR
    util.o(.text) refers to memseta.o(.text) for __aeabi_memset
    util.o(.text) refers to strstr.o(.text) for strstr
    util.o(.text) refers to strlen.o(.text) for strlen
    util.o(.text) refers to strncpy.o(.text) for strncpy
    util.o(.text) refers to strcpy.o(.text) for strcpy
    util.o(.text) refers to strtok.o(.text) for strtok
    util.o(.text) refers to util.o(.data) for fac_us
    loopback.o(.text) refers to socket.o(.text) for socket
    loopback.o(.text) refers to w5500.o(.text) for getSn_RX_RSR
    loopback.o(.text) refers to printf8.o(i.__0printf$8) for __2printf
    loopback.o(.text) refers to user_app.o(.text) for SOCK_DISCON
    loopback.o(.text) refers to stm32f10x_gpio.o(.text) for GPIO_ReadInputDataBit
[...]
    printf3.o(i.__0vprintf$3) refers to stdout.o(.data) for __stdout
    printf3.o(i.__0vsnprintf$3) refers to printf3.o(i._printf_core) for _printf_core
    printf3.o(i.__0vsnprintf$3) refers to printf3.o(i._snputc) for _snputc
    printf3.o(i.__0vsprintf$3) refers to printf3.o(i._printf_core) for _printf_core
    printf3.o(i.__0vsprintf$3) refers to printf3.o(i._sputc) for _sputc
    printf3.o(i._printf_core) refers to uidiv.o(.text) for __aeabi_uidivmod
    printf4.o(i.__0fprintf$4) refers to printf4.o(i._printf_core) for _printf_core
    printf4.o(i.__0fprintf$4) refers to device.o(.text) for fputc
    printf4.o(i.__0printf$4) refers to printf4.o(i._printf_core) for _printf_core
    printf4.o(i.__0printf$4) refers to device.o(.text) for fputc
    printf4.o(i.__0printf$4) refers to stdout.o(.data) for __stdout
    printf4.o(i.__0snprintf$4) refers to printf4.o(i._printf_core) for _printf_core
    printf4.o(i.__0snprintf$4) refers to printf4.o(i._snputc) for _snputc
    printf4.o(i.__0sprintf$4) refers to printf4.o(i._printf_core) for _printf_core
    printf4.o(i.__0sprintf$4) refers to printf4.o(i._sputc) for _sputc
    printf4.o(i.__0vfprintf$4) refers to printf4.o(i._printf_core) for _printf_core
    printf4.o(i.__0vfprintf$4) refers to device.o(.text) for fputc
    printf4.o(i.__0vprintf$4) refers to printf4.o(i._printf_core) for _printf_core
    printf4.o(i.__0vprintf$4) refers to device.o(.text) for fputc
    printf4.o(i.__0vprintf$4) refers to stdout.o(.data) for __stdout
    printf4.o(i.__0vsnprintf$4) refers to printf4.o(i._printf_core) for _printf_core
    printf4.o(i.__0vsnprintf$4) refers to printf4.o(i._snputc) for _snputc
    printf4.o(i.__0vsprintf$4) refers to printf4.o(i._printf_core) for _printf_core
    printf4.o(i.__0vsprintf$4) refers to printf4.o(i._sputc) for _sputc
    printf4.o(i._printf_core) refers to uldiv.o(.text) for __aeabi_uldivmod
    printf5.o(i.__0fprintf$5) refers to printf5.o(i._printf_core) for _printf_core
    printf5.o(i.__0fprintf$5) refers to device.o(.text) for fputc
    printf5.o(i.__0printf$5) refers to printf5.o(i._printf_core) for _printf_core
    printf5.o(i.__0printf$5) refers to device.o(.text) for fputc
    printf5.o(i.__0printf$5) refers to stdout.o(.data) for __stdout
    printf5.o(i.__0snprintf$5) refers to printf5.o(i._printf_core) for _printf_core
    printf5.o(i.__0snprintf$5) refers to printf5.o(i._snputc) for _snputc
    printf5.o(i.__0sprintf$5) refers to printf5.o(i._printf_core) for _printf_core
    printf5.o(i.__0sprintf$5) refers to printf5.o(i._sputc) for _sputc
    printf5.o(i.__0vfprintf$5) refers to printf5.o(i._printf_core) for _printf_core
    printf5.o(i.__0vfprintf$5) refers to device.o(.text) for fputc
    printf5.o(i.__0vprintf$5) refers to printf5.o(i._printf_core) for _printf_core
    printf5.o(i.__0vprintf$5) refers to device.o(.text) for fputc
    printf5.o(i.__0vprintf$5) refers to stdout.o(.data) for __stdout
    printf5.o(i.__0vsnprintf$5) refers to printf5.o(i._printf_core) for _printf_core
    printf5.o(i.__0vsnprintf$5) refers to printf5.o(i._snputc) for _snputc
    printf5.o(i.__0vsprintf$5) refers to printf5.o(i._printf_core) for _printf_core
    printf5.o(i.__0vsprintf$5) refers to printf5.o(i._sputc) for _sputc
    printf5.o(i._printf_core) refers to uldiv.o(.text) for __aeabi_uldivmod
    printf6.o(i.__0fprintf$6) refers to printf6.o(i._printf_core) for _printf_core
    printf6.o(i.__0fprintf$6) refers to device.o(.text) for fputc
    printf6.o(i.__0printf$6) refers to printf6.o(i._printf_core) for _printf_core
    printf6.o(i.__0printf$6) refers to device.o(.text) for fputc
    printf6.o(i.__0printf$6) refers to stdout.o(.data) for __stdout
    printf6.o(i.__0snprintf$6) refers to printf6.o(i._printf_core) for _printf_core
    printf6.o(i.__0snprintf$6) refers to printf6.o(i._snputc) for _snputc
    printf6.o(i.__0sprintf$6) refers to printf6.o(i._printf_core) for _printf_core
    printf6.o(i.__0sprintf$6) refers to printf6.o(i._sputc) for _sputc
    printf6.o(i.__0vfprintf$6) refers to printf6.o(i._printf_core) for _printf_core
    printf6.o(i.__0vfprintf$6) refers to device.o(.text) for fputc
    printf6.o(i.__0vprintf$6) refers to printf6.o(i._printf_core) for _printf_core
    printf6.o(i.__0vprintf$6) refers to device.o(.text) for fputc
    printf6.o(i.__0vprintf$6) refers to stdout.o(.data) for __stdout
    printf6.o(i.__0vsnprintf$6) refers to printf6.o(i._printf_core) for _printf_core
    printf6.o(i.__0vsnprintf$6) refers to printf6.o(i._snputc) for _snputc
    printf6.o(i.__0vsprintf$6) refers to printf6.o(i._printf_core) for _printf_core
    printf6.o(i.__0vsprintf$6) refers to printf6.o(i._sputc) for _sputc
    printf6.o(i._printf_core) refers to printf6.o(i._printf_pre_padding) for _printf_pre_padding
    printf6.o(i._printf_core) refers to uidiv.o(.text) for __aeabi_uidivmod
    printf6.o(i._printf_core) refers to printf6.o(i._printf_post_padding) for _printf_post_padding
    printf7.o(i.__0fprintf$7) refers to printf7.o(i._printf_core) for _printf_core
    printf7.o(i.__0fprintf$7) refers to device.o(.text) for fputc
    printf7.o(i.__0printf$7) refers to printf7.o(i._printf_core) for _printf_core
    printf7.o(i.__0printf$7) refers to device.o(.text) for fputc
    printf7.o(i.__0printf$7) refers to stdout.o(.data) for __stdout
    printf7.o(i.__0snprintf$7) refers to printf7.o(i._printf_core) for _printf_core
    printf7.o(i.__0snprintf$7) refers to printf7.o(i._snputc) for _snputc
    printf7.o(i.__0sprintf$7) refers to printf7.o(i._printf_core) for _printf_core
    printf7.o(i.__0sprintf$7) refers to printf7.o(i._sputc) for _sputc
    printf7.o(i.__0vfprintf$7) refers to printf7.o(i._printf_core) for _printf_core
    printf7.o(i.__0vfprintf$7) refers to device.o(.text) for fputc
    printf7.o(i.__0vprintf$7) refers to printf7.o(i._printf_core) for _printf_core
    printf7.o(i.__0vprintf$7) refers to device.o(.text) for fputc
    printf7.o(i.__0vprintf$7) refers to stdout.o(.data) for __stdout
    printf7.o(i.__0vsnprintf$7) refers to printf7.o(i._printf_core) for _printf_core
    printf7.o(i.__0vsnprintf$7) refers to printf7.o(i._snputc) for _snputc
    printf7.o(i.__0vsprintf$7) refers to printf7.o(i._printf_core) for _printf_core
    printf7.o(i.__0vsprintf$7) refers to printf7.o(i._sputc) for _sputc
    printf7.o(i._printf_core) refers to printf7.o(i._printf_pre_padding) for _printf_pre_padding
    printf7.o(i._printf_core) refers to uldiv.o(.text) for __aeabi_uldivmod
    printf7.o(i._printf_core) refers to printf7.o(i._printf_post_padding) for _printf_post_padding
    printf8.o(i.__0fprintf$8) refers to printf8.o(i._printf_core) for _printf_core
    printf8.o(i.__0fprintf$8) refers to device.o(.text) for fputc
    printf8.o(i.__0printf$8) refers to printf8.o(i._printf_core) for _printf_core
    printf8.o(i.__0printf$8) refers to device.o(.text) for fputc
    printf8.o(i.__0printf$8) refers to stdout.o(.data) for __stdout
    printf8.o(i.__0snprintf$8) refers to printf8.o(i._printf_core) for _printf_core
    printf8.o(i.__0snprintf$8) refers to printf8.o(i._snputc) for _snputc
    printf8.o(i.__0sprintf$8) refers to printf8.o(i._printf_core) for _printf_core
    printf8.o(i.__0sprintf$8) refers to printf8.o(i._sputc) for _sputc
    printf8.o(i.__0vfprintf$8) refers to printf8.o(i._printf_core) for _printf_core
    printf8.o(i.__0vfprintf$8) refers to device.o(.text) for fputc
    printf8.o(i.__0vprintf$8) refers to printf8.o(i._printf_core) for _printf_core
    printf8.o(i.__0vprintf$8) refers to device.o(.text) for fputc
    printf8.o(i.__0vprintf$8) refers to stdout.o(.data) for __stdout
    printf8.o(i.__0vsnprintf$8) refers to printf8.o(i._printf_core) for _printf_core
    printf8.o(i.__0vsnprintf$8) refers to printf8.o(i._snputc) for _snputc
    printf8.o(i.__0vsprintf$8) refers to printf8.o(i._printf_core) for _printf_core
    printf8.o(i.__0vsprintf$8) refers to printf8.o(i._sputc) for _sputc
    printf8.o(i._printf_core) refers to printf8.o(i._printf_pre_padding) for _printf_pre_padding
    printf8.o(i._printf_core) refers to uldiv.o(.text) for __aeabi_uldivmod
    printf8.o(i._printf_core) refers to printf8.o(i._printf_post_padding) for _printf_post_padding
    printfa.o(i.__0fprintf) refers (Special) to iusefp.o(.text) for __I$use$fp
    printfa.o(i.__0fprintf) refers to printfa.o(i._printf_core) for _printf_core
    printfa.o(i.__0fprintf) refers to device.o(.text) for fputc
    printfa.o(i.__0printf) refers (Special) to iusefp.o(.text) for __I$use$fp
    printfa.o(i.__0printf) refers to printfa.o(i._printf_core) for _printf_core
    printfa.o(i.__0printf) refers to device.o(.text) for fputc
    printfa.o(i.__0printf) refers to stdout.o(.data) for __stdout
    printfa.o(i.__0snprintf) refers (Special) to iusefp.o(.text) for __I$use$fp
    printfa.o(i.__0snprintf) refers to printfa.o(i._printf_core) for _printf_core
    printfa.o(i.__0snprintf) refers to printfa.o(i._snputc) for _snputc
    printfa.o(i.__0sprintf) refers (Special) to iusefp.o(.text) for __I$use$fp
    printfa.o(i.__0sprintf) refers to printfa.o(i._printf_core) for _printf_core
    printfa.o(i.__0sprintf) refers to printfa.o(i._sputc) for _sputc
    printfa.o(i.__0vfprintf) refers (Special) to iusefp.o(.text) for __I$use$fp
    printfa.o(i.__0vfprintf) refers to printfa.o(i._printf_core) for _printf_core
    printfa.o(i.__0vfprintf) refers to device.o(.text) for fputc
    printfa.o(i.__0vprintf) refers (Special) to iusefp.o(.text) for __I$use$fp
    printfa.o(i.__0vprintf) refers to printfa.o(i._printf_core) for _printf_core
    printfa.o(i.__0vprintf) refers to device.o(.text) for fputc
    printfa.o(i.__0vprintf) refers to stdout.o(.data) for __stdout
    printfa.o(i.__0vsnprintf) refers (Special) to iusefp.o(.text) for __I$use$fp
    printfa.o(i.__0vsnprintf) refers to printfa.o(i._printf_core) for _printf_core
    printfa.o(i.__0vsnprintf) refers to printfa.o(i._snputc) for _snputc
    printfa.o(i.__0vsprintf) refers (Special) to iusefp.o(.text) for __I$use$fp
    printfa.o(i.__0vsprintf) refers to printfa.o(i._printf_core) for _printf_core
    printfa.o(i.__0vsprintf) refers to printfa.o(i._sputc) for _sputc
    printfa.o(i._fp_digits) refers (Special) to iusefp.o(.text) for __I$use$fp
    printfa.o(i._fp_digits) refers to dmul.o(.text) for __aeabi_dmul
    printfa.o(i._fp_digits) refers to ddiv.o(.text) for __aeabi_ddiv
    printfa.o(i._fp_digits) refers to cdrcmple.o(.text) for __aeabi_cdrcmple
    printfa.o(i._fp_digits) refers to dadd.o(.text) for __aeabi_dadd
    printfa.o(i._fp_digits) refers to dfixul.o(.text) for __aeabi_d2ulz
    printfa.o(i._fp_digits) refers to uldiv.o(.text) for __aeabi_uldivmod
    printfa.o(i._printf_core) refers (Special) to iusefp.o(.text) for __I$use$fp
    printfa.o(i._printf_core) refers to printfa.o(i._printf_pre_padding) for _printf_pre_padding
    printfa.o(i._printf_core) refers to uldiv.o(.text) for __aeabi_uldivmod
    printfa.o(i._printf_core) refers to printfa.o(i._printf_post_padding) for _printf_post_padding
    printfa.o(i._printf_core) refers to printfa.o(i._fp_digits) for _fp_digits
    printfa.o(i._printf_core) refers to uidiv.o(.text) for __aeabi_uidivmod
    printfa.o(i._printf_post_padding) refers (Special) to iusefp.o(.text) for __I$use$fp
    printfa.o(i._printf_pre_padding) refers (Special) to iusefp.o(.text) for __I$use$fp
    printfa.o(i._snputc) refers (Special) to iusefp.o(.text) for __I$use$fp
    printfa.o(i._sputc) refers (Special) to iusefp.o(.text) for __I$use$fp
    entry2.o(.ARM.Collect$$$$00000001) refers to entry2.o(.ARM.Collect$$$$00002712) for __lit__00000000
    entry2.o(.ARM.Collect$$$$00002712) refers to startup_stm32f10x_hd.o(STACK) for __initial_sp
    entry2.o(__vectab_stack_and_reset_area) refers to startup_stm32f10x_hd.o(STACK) for __initial_sp
    entry2.o(__vectab_stack_and_reset_area) refers to entry.o(.ARM.Collect$$$$00000000) for __main
    entry5.o(.ARM.Collect$$$$00000004) refers to init.o(.text) for __scatterload
    entry9a.o(.ARM.Collect$$$$0000000B) refers to main.o(.text) for main
    entry9b.o(.ARM.Collect$$$$0000000C) refers to main.o(.text) for main
    uldiv.o(.text) refers to llushr.o(.text) for __aeabi_llsr
    uldiv.o(.text) refers to llshl.o(.text) for __aeabi_llsl
    dadd.o(.text) refers to llshl.o(.text) for __aeabi_llsl
    dadd.o(.text) refers to llsshr.o(.text) for __aeabi_lasr
    dadd.o(.text) refers to depilogue.o(.text) for _double_epilogue
    dmul.o(.text) refers to depilogue.o(.text) for _double_epilogue
    ddiv.o(.text) refers to depilogue.o(.text) for _double_round
    dfixul.o(.text) refers to llushr.o(.text) for __aeabi_llsr
    dfixul.o(.text) refers to llshl.o(.text) for __aeabi_llsl
    init.o(.text) refers to entry5.o(.ARM.Collect$$$$00000004) for __main_after_scatterload
    depilogue.o(.text) refers to llshl.o(.text) for __aeabi_llsl
    depilogue.o(.text) refers to llushr.o(.text) for __aeabi_llsr


==============================================================================

Removing Unused input sections from the image.

    Removing startup_stm32f10x_hd.o(HEAP), (512 bytes).
    Removing core_cm3.o(.emb_text), (32 bytes).
    Removing stm32f10x_adc.o(.text), (1102 bytes).
    Removing stm32f10x_bkp.o(.text), (196 bytes).
    Removing stm32f10x_can.o(.text), (2544 bytes).
    Removing stm32f10x_cec.o(.text), (288 bytes).
    Removing stm32f10x_crc.o(.text), (72 bytes).
    Removing stm32f10x_dac.o(.text), (396 bytes).
    Removing stm32f10x_dbgmcu.o(.text), (48 bytes).
    Removing stm32f10x_dma.o(.text), (596 bytes).
    Removing stm32f10x_fsmc.o(.text), (1548 bytes).
    Removing stm32f10x_i2c.o(.text), (1028 bytes).
    Removing stm32f10x_iwdg.o(.text), (64 bytes).
    Removing stm32f10x_pwr.o(.text), (204 bytes).
    Removing stm32f10x_rtc.o(.text), (328 bytes).
    Removing stm32f10x_sdio.o(.text), (468 bytes).
    Removing stm32f10x_tim.o(.text), (3610 bytes).
    Removing stm32f10x_wwdg.o(.text), (136 bytes).
    Removing stm32f10x_it.o(.data), (1 bytes).
    Removing loopback.o(.data), (2 bytes).
    Removing md5.o(.text), (2564 bytes).
    Removing md5.o(.data), (64 bytes).

22 unused section(s) (total 15803 bytes) removed from the image.

==============================================================================

Image Symbol Table

    Local Symbols

    Symbol Name                              Value     Ov Type        Size  Object(Section)

    ../clib/microlib/division.c              0x00000000   Number         0  uidiv.o ABSOLUTE
    ../clib/microlib/division.c              0x00000000   Number         0  uldiv.o ABSOLUTE
    ../clib/microlib/init/entry.s            0x00000000   Number         0  entry8a.o ABSOLUTE
    ../clib/microlib/init/entry.s            0x00000000   Number         0  entry9b.o ABSOLUTE
    ../clib/microlib/init/entry.s            0x00000000   Number         0  entry10a.o ABSOLUTE
    ../clib/microlib/init/entry.s            0x00000000   Number         0  entry9a.o ABSOLUTE
    ../clib/microlib/init/entry.s            0x00000000   Number         0  entry10b.o ABSOLUTE
    ../clib/microlib/init/entry.s            0x00000000   Number         0  entry11a.o ABSOLUTE
    ../clib/microlib/init/entry.s            0x00000000   Number         0  entry2.o ABSOLUTE
    ../clib/microlib/init/entry.s            0x00000000   Number         0  entry5.o ABSOLUTE
    ../clib/microlib/init/entry.s            0x00000000   Number         0  entry.o ABSOLUTE
    ../clib/microlib/init/entry.s            0x00000000   Number         0  entry11b.o ABSOLUTE
    ../clib/microlib/init/entry.s            0x00000000   Number         0  entry8b.o ABSOLUTE
    ../clib/microlib/init/entry.s            0x00000000   Number         0  entry7a.o ABSOLUTE
    ../clib/microlib/init/entry.s            0x00000000   Number         0  entry7b.o ABSOLUTE
    ../clib/microlib/longlong.c              0x00000000   Number         0  llushr.o ABSOLUTE
    ../clib/microlib/longlong.c              0x00000000   Number         0  llshl.o ABSOLUTE
    ../clib/microlib/longlong.c              0x00000000   Number         0  llsshr.o ABSOLUTE
    ../clib/microlib/printf/printf.c         0x00000000   Number         0  printfa.o ABSOLUTE
    ../clib/microlib/printf/printf.c         0x00000000   Number         0  printf5.o ABSOLUTE
    ../clib/microlib/printf/printf.c         0x00000000   Number         0  printf1.o ABSOLUTE
    ../clib/microlib/printf/printf.c         0x00000000   Number         0  printf6.o ABSOLUTE
    ../clib/microlib/printf/printf.c         0x00000000   Number         0  printf2.o ABSOLUTE
    ../clib/microlib/printf/printf.c         0x00000000   Number         0  printf7.o ABSOLUTE
    ../clib/microlib/printf/printf.c         0x00000000   Number         0  printf8.o ABSOLUTE
    ../clib/microlib/printf/printf.c         0x00000000   Number         0  printf4.o ABSOLUTE
    ../clib/microlib/printf/printf.c         0x00000000   Number         0  printf3.o ABSOLUTE
    ../clib/microlib/printf/printf.c         0x00000000   Number         0  printfb.o ABSOLUTE
    ../clib/microlib/printf/printf.c         0x00000000   Number         0  printf0.o ABSOLUTE
    ../clib/microlib/printf/stubs.s          0x00000000   Number         0  stubs.o ABSOLUTE
    ../clib/microlib/stdio/streams.c         0x00000000   Number         0  stdout.o ABSOLUTE
    ../clib/microlib/string/memcmp.c         0x00000000   Number         0  memcmp.o ABSOLUTE
    ../clib/microlib/string/memcpy.c         0x00000000   Number         0  memcpya.o ABSOLUTE
    ../clib/microlib/string/memcpy.c         0x00000000   Number         0  memcpyb.o ABSOLUTE
    ../clib/microlib/string/memset.c         0x00000000   Number         0  memseta.o ABSOLUTE
    ../clib/microlib/string/strcpy.c         0x00000000   Number         0  strcpy.o ABSOLUTE
    ../clib/microlib/string/strlen.c         0x00000000   Number         0  strlen.o ABSOLUTE
    ../clib/microlib/string/strncpy.c        0x00000000   Number         0  strncpy.o ABSOLUTE
    ../clib/microlib/string/strstr.c         0x00000000   Number         0  strstr.o ABSOLUTE
    ../clib/microlib/string/strtok.c         0x00000000   Number         0  strtok.o ABSOLUTE
    ../clib/microlib/string/strtok.c         0x00000000   Number         0  strtok_r.o ABSOLUTE
    ../clib/microlib/stubs.s                 0x00000000   Number         0  iusefp.o ABSOLUTE
    ../fplib/microlib/fpadd.c                0x00000000   Number         0  dadd.o ABSOLUTE
    ../fplib/microlib/fpdiv.c                0x00000000   Number         0  ddiv.o ABSOLUTE
    ../fplib/microlib/fpepilogue.c           0x00000000   Number         0  depilogue.o ABSOLUTE
    ../fplib/microlib/fpfix.c                0x00000000   Number         0  dfixul.o ABSOLUTE
    ../fplib/microlib/fpmul.c                0x00000000   Number         0  dmul.o ABSOLUTE
    ..\..\Libraries\CMSIS\core_cm3.c         0x00000000   Number         0  core_cm3.o ABSOLUTE
    ..\..\Libraries\CMSIS\startup\startup_stm32f10x_hd.s 0x00000000   Number         0  startup_stm32f10x_hd.o ABSOLUTE
    ..\..\Libraries\CMSIS\system_stm32f10x.c 0x00000000   Number         0  system_stm32f10x.o ABSOLUTE
    ..\..\Libraries\FWlib\src\misc.c         0x00000000   Number         0  misc.o ABSOLUTE
    ..\..\Libraries\FWlib\src\stm32f10x_adc.c 0x00000000   Number         0  stm32f10x_adc.o ABSOLUTE
    ..\..\Libraries\FWlib\src\stm32f10x_bkp.c 0x00000000   Number         0  stm32f10x_bkp.o ABSOLUTE
    ..\..\Libraries\FWlib\src\stm32f10x_can.c 0x00000000   Number         0  stm32f10x_can.o ABSOLUTE
    ..\..\Libraries\FWlib\src\stm32f10x_cec.c 0x00000000   Number         0  stm32f10x_cec.o ABSOLUTE
    ..\..\Libraries\FWlib\src\stm32f10x_crc.c 0x00000000   Number         0  stm32f10x_crc.o ABSOLUTE
    ..\..\Libraries\FWlib\src\stm32f10x_dac.c 0x00000000   Number         0  stm32f10x_dac.o ABSOLUTE
    ..\..\Libraries\FWlib\src\stm32f10x_dbgmcu.c 0x00000000   Number         0  stm32f10x_dbgmcu.o ABSOLUTE
    ..\..\Libraries\FWlib\src\stm32f10x_dma.c 0x00000000   Number         0  stm32f10x_dma.o ABSOLUTE
    ..\..\Libraries\FWlib\src\stm32f10x_exti.c 0x00000000   Number         0  stm32f10x_exti.o ABSOLUTE
    ..\..\Libraries\FWlib\src\stm32f10x_flash.c 0x00000000   Number         0  stm32f10x_flash.o ABSOLUTE
    ..\..\Libraries\FWlib\src\stm32f10x_fsmc.c 0x00000000   Number         0  stm32f10x_fsmc.o ABSOLUTE
    ..\..\Libraries\FWlib\src\stm32f10x_gpio.c 0x00000000   Number         0  stm32f10x_gpio.o ABSOLUTE
    ..\..\Libraries\FWlib\src\stm32f10x_i2c.c 0x00000000   Number         0  stm32f10x_i2c.o ABSOLUTE
    ..\..\Libraries\FWlib\src\stm32f10x_iwdg.c 0x00000000   Number         0  stm32f10x_iwdg.o ABSOLUTE
    ..\..\Libraries\FWlib\src\stm32f10x_pwr.c 0x00000000   Number         0  stm32f10x_pwr.o ABSOLUTE
    ..\..\Libraries\FWlib\src\stm32f10x_rcc.c 0x00000000   Number         0  stm32f10x_rcc.o ABSOLUTE
    ..\..\Libraries\FWlib\src\stm32f10x_rtc.c 0x00000000   Number         0  stm32f10x_rtc.o ABSOLUTE
    ..\..\Libraries\FWlib\src\stm32f10x_sdio.c 0x00000000   Number         0  stm32f10x_sdio.o ABSOLUTE
    ..\..\Libraries\FWlib\src\stm32f10x_spi.c 0x00000000   Number         0  stm32f10x_spi.o ABSOLUTE
    ..\..\Libraries\FWlib\src\stm32f10x_tim.c 0x00000000   Number         0  stm32f10x_tim.o ABSOLUTE
    ..\..\Libraries\FWlib\src\stm32f10x_usart.c 0x00000000   Number         0  stm32f10x_usart.o ABSOLUTE
    ..\..\Libraries\FWlib\src\stm32f10x_wwdg.c 0x00000000   Number         0  stm32f10x_wwdg.o ABSOLUTE
    ..\..\User\User_App.c                    0x00000000   Number         0  user_app.o ABSOLUTE
    ..\..\User\at24c16.c                     0x00000000   Number         0  at24c16.o ABSOLUTE
    ..\..\User\device.c                      0x00000000   Number         0  device.o ABSOLUTE
    ..\..\User\dhcp.c                        0x00000000   Number         0  dhcp.o ABSOLUTE
    ..\..\User\loopback.c                    0x00000000   Number         0  loopback.o ABSOLUTE
    ..\..\User\main.c                        0x00000000   Number         0  main.o ABSOLUTE
    ..\..\User\mcu_init.c                    0x00000000   Number         0  mcu_init.o ABSOLUTE
    ..\..\User\sockutil.c                    0x00000000   Number         0  sockutil.o ABSOLUTE
    ..\..\User\stm32f10x_it.c                0x00000000   Number         0  stm32f10x_it.o ABSOLUTE
    ..\..\User\util.c                        0x00000000   Number         0  util.o ABSOLUTE
    ..\..\User\w5500\SPI2.c                  0x00000000   Number         0  spi2.o ABSOLUTE
    ..\..\User\w5500\md5.c                   0x00000000   Number         0  md5.o ABSOLUTE
    ..\..\User\w5500\socket.c                0x00000000   Number         0  socket.o ABSOLUTE
    ..\..\User\w5500\w5500.c                 0x00000000   Number         0  w5500.o ABSOLUTE
    ..\\..\\Libraries\\CMSIS\\core_cm3.c     0x00000000   Number         0  core_cm3.o ABSOLUTE
    cdrcmple.s                               0x00000000   Number         0  cdrcmple.o ABSOLUTE
    dc.s                                     0x00000000   Number         0  dc.o ABSOLUTE
    handlers.s                               0x00000000   Number         0  handlers.o ABSOLUTE
    init.s                                   0x00000000   Number         0  init.o ABSOLUTE
    RESET                                    0x08000000   Section      304  startup_stm32f10x_hd.o(RESET)
    .ARM.Collect$$$$00000000                 0x08000130   Section        0  entry.o(.ARM.Collect$$$$00000000)
    .ARM.Collect$$$$00000001                 0x08000130   Section        4  entry2.o(.ARM.Collect$$$$00000001)
    .ARM.Collect$$$$00000004                 0x08000134   Section        4  entry5.o(.ARM.Collect$$$$00000004)
    .ARM.Collect$$$$00000008                 0x08000138   Section        0  entry7b.o(.ARM.Collect$$$$00000008)
    .ARM.Collect$$$$0000000A                 0x08000138   Section        0  entry8b.o(.ARM.Collect$$$$0000000A)
    .ARM.Collect$$$$0000000B                 0x08000138   Section        8  entry9a.o(.ARM.Collect$$$$0000000B)
    .ARM.Collect$$$$0000000D                 0x08000140   Section        0  entry10a.o(.ARM.Collect$$$$0000000D)
    .ARM.Collect$$$$0000000F                 0x08000140   Section        0  entry11a.o(.ARM.Collect$$$$0000000F)
    .ARM.Collect$$$$00002712                 0x08000140   Section        4  entry2.o(.ARM.Collect$$$$00002712)
    __lit__00000000                          0x08000140   Data           4  entry2.o(.ARM.Collect$$$$00002712)
    .text                                    0x08000144   Section       36  startup_stm32f10x_hd.o(.text)
    .text                                    0x08000168   Section        0  system_stm32f10x.o(.text)
    SetSysClockTo72                          0x08000169   Thumb Code   214  system_stm32f10x.o(.text)
    SetSysClock                              0x0800023f   Thumb Code     8  system_stm32f10x.o(.text)
    .text                                    0x08000348   Section        0  misc.o(.text)
    .text                                    0x08000424   Section        0  stm32f10x_exti.o(.text)
    .text                                    0x08000540   Section        0  stm32f10x_flash.o(.text)
    .text                                    0x08000afc   Section        0  stm32f10x_gpio.o(.text)
    .text                                    0x08000e58   Section        0  stm32f10x_rcc.o(.text)
    .text                                    0x080011fc   Section        0  stm32f10x_spi.o(.text)
    .text                                    0x08001508   Section        0  stm32f10x_usart.o(.text)
    .text                                    0x08001910   Section        0  at24c16.o(.text)
    .text                                    0x08001b80   Section        0  device.o(.text)
    .text                                    0x08001e64   Section        0  main.o(.text)
    .text                                    0x08001fa0   Section        0  mcu_init.o(.text)
    .text                                    0x08002170   Section        0  sockutil.o(.text)
    .text                                    0x0800240c   Section        0  stm32f10x_it.o(.text)
    .text                                    0x08002440   Section        0  util.o(.text)
    .text                                    0x080026ec   Section        0  loopback.o(.text)
    .text                                    0x08002b48   Section        0  user_app.o(.text)
    .text                                    0x08002c04   Section        0  dhcp.o(.text)
    .text                                    0x08004218   Section        0  socket.o(.text)
    .text                                    0x080048a4   Section        0  spi2.o(.text)
    .text                                    0x0800494c   Section        0  w5500.o(.text)
    .text                                    0x08004f18   Section        0  memseta.o(.text)
    .text                                    0x08004f3c   Section        0  strstr.o(.text)
    .text                                    0x08004f60   Section        0  strncpy.o(.text)
    .text                                    0x08004f78   Section        0  strlen.o(.text)
    .text                                    0x08004f86   Section        0  memcmp.o(.text)
    .text                                    0x08004fa0   Section        0  strcpy.o(.text)
    .text                                    0x08004fb4   Section        0  strtok.o(.text)
    .text                                    0x08004ff8   Section        0  uidiv.o(.text)
    .text                                    0x08005024   Section        0  uldiv.o(.text)
    .text                                    0x08005086   Section        0  dadd.o(.text)
    .text                                    0x08005086   Section        0  iusefp.o(.text)
    .text                                    0x080051d4   Section        0  dmul.o(.text)
    .text                                    0x080052b8   Section        0  ddiv.o(.text)
    .text                                    0x08005396   Section        0  dfixul.o(.text)
    .text                                    0x080053c8   Section       48  cdrcmple.o(.text)
    .text                                    0x080053f8   Section       36  init.o(.text)
    .text                                    0x0800541c   Section        0  llshl.o(.text)
    .text                                    0x0800543a   Section        0  llushr.o(.text)
    .text                                    0x0800545a   Section        0  llsshr.o(.text)
    .text                                    0x0800547e   Section        0  depilogue.o(.text)
    i.__0printf                              0x08005538   Section        0  printfa.o(i.__0printf)
    i.__0printf$8                            0x08005558   Section        0  printf8.o(i.__0printf$8)
    i.__0sprintf$8                           0x08005578   Section        0  printf8.o(i.__0sprintf$8)
    i.__scatterload_copy                     0x080055a0   Section       14  handlers.o(i.__scatterload_copy)
    i.__scatterload_null                     0x080055ae   Section        2  handlers.o(i.__scatterload_null)
    i.__scatterload_zeroinit                 0x080055b0   Section       14  handlers.o(i.__scatterload_zeroinit)
    i._fp_digits                             0x080055c0   Section        0  printfa.o(i._fp_digits)
    _fp_digits                               0x080055c1   Thumb Code   334  printfa.o(i._fp_digits)
    i._printf_core                           0x08005724   Section        0  printf8.o(i._printf_core)
    _printf_core                             0x08005725   Thumb Code   996  printf8.o(i._printf_core)
    i._printf_core                           0x08005b34   Section        0  printfa.o(i._printf_core)
    _printf_core                             0x08005b35   Thumb Code  1744  printfa.o(i._printf_core)
    i._printf_post_padding                   0x08006210   Section        0  printf8.o(i._printf_post_padding)
    _printf_post_padding                     0x08006211   Thumb Code    36  printf8.o(i._printf_post_padding)
    i._printf_post_padding                   0x08006234   Section        0  printfa.o(i._printf_post_padding)
    _printf_post_padding                     0x08006235   Thumb Code    36  printfa.o(i._printf_post_padding)
    i._printf_pre_padding                    0x08006258   Section        0  printf8.o(i._printf_pre_padding)
    _printf_pre_padding                      0x08006259   Thumb Code    46  printf8.o(i._printf_pre_padding)
    i._printf_pre_padding                    0x08006286   Section        0  printfa.o(i._printf_pre_padding)
    _printf_pre_padding                      0x08006287   Thumb Code    46  printfa.o(i._printf_pre_padding)
    i._sputc                                 0x080062b4   Section        0  printf8.o(i._sputc)
    _sputc                                   0x080062b5   Thumb Code    10  printf8.o(i._sputc)
    .conststring                             0x080062c0   Section        5  dhcp.o(.conststring)
    .data                                    0x20000000   Section       20  system_stm32f10x.o(.data)
    .data                                    0x20000014   Section       20  stm32f10x_rcc.o(.data)
    APBAHBPrescTable                         0x20000014   Data          16  stm32f10x_rcc.o(.data)
    ADCPrescTable                            0x20000024   Data           4  stm32f10x_rcc.o(.data)
    .data                                    0x20000028   Section       22  device.o(.data)
    .data                                    0x2000003e   Section       30  main.o(.data)
    .data                                    0x2000005c   Section        4  util.o(.data)
    fac_us                                   0x2000005c   Data           1  util.o(.data)
    fac_ms                                   0x2000005e   Data           2  util.o(.data)
    .data                                    0x20000060   Section       68  dhcp.o(.data)
    .data                                    0x200000a4   Section        2  socket.o(.data)
    local_port                               0x200000a4   Data           2  socket.o(.data)
    .data                                    0x200000a8   Section        4  strtok.o(.data)
    state                                    0x200000a8   Data           4  strtok.o(.data)
    .data                                    0x200000ac   Section        4  stdout.o(.data)
    .bss                                     0x200000b0   Section     1526  device.o(.bss)
    .bss                                     0x200006a6   Section     4119  main.o(.bss)
    .bss                                     0x200016bd   Section       48  sockutil.o(.bss)
    addr_str                                 0x200016bd   Data          32  sockutil.o(.bss)
    addr_str                                 0x200016dd   Data          16  sockutil.o(.bss)
    .bss                                     0x200016ed   Section     1024  dhcp.o(.bss)
    .bss                                     0x20001aee   Section       32  w5500.o(.bss)
    SSIZE                                    0x20001aee   Data          16  w5500.o(.bss)
    RSIZE                                    0x20001afe   Data          16  w5500.o(.bss)
    STACK                                    0x20001b10   Section     1024  startup_stm32f10x_hd.o(STACK)

    Global Symbols

    Symbol Name                              Value     Ov Type        Size  Object(Section)

    BuildAttributes$$THM_ISAv4$P$D$K$B$S$PE$A:L22UL41UL21$X:L11$S22US41US21$IEEE1$IW$USESV6$~STKCKD$USESV7$~SHL$OSPACE$ROPI$EBA8$MICROLIB$REQ8$PRES8$EABIv2 0x00000000   Number         0  anon$$obj.o ABSOLUTE
    __ARM_use_no_argv                        0x00000000   Number         0  main.o ABSOLUTE
    _printf_a                                0x00000000   Number         0  stubs.o ABSOLUTE
    _printf_c                                0x00000000   Number         0  stubs.o ABSOLUTE
    _printf_charcount                        0x00000000   Number         0  stubs.o ABSOLUTE
    _printf_d                                0x00000000   Number         0  stubs.o ABSOLUTE
    _printf_e                                0x00000000   Number         0  stubs.o ABSOLUTE
    _printf_f                                0x00000000   Number         0  stubs.o ABSOLUTE
    _printf_flags                            0x00000000   Number         0  stubs.o ABSOLUTE
    _printf_fp_dec                           0x00000000   Number         0  stubs.o ABSOLUTE
    _printf_fp_hex                           0x00000000   Number         0  stubs.o ABSOLUTE
    _printf_g                                0x00000000   Number         0  stubs.o ABSOLUTE
    _printf_i                                0x00000000   Number         0  stubs.o ABSOLUTE
    _printf_int_dec                          0x00000000   Number         0  stubs.o ABSOLUTE
    _printf_l                                0x00000000   Number         0  stubs.o ABSOLUTE
    _printf_lc                               0x00000000   Number         0  stubs.o ABSOLUTE
    _printf_ll                               0x00000000   Number         0  stubs.o ABSOLUTE
    _printf_lld                              0x00000000   Number         0  stubs.o ABSOLUTE
    _printf_lli                              0x00000000   Number         0  stubs.o ABSOLUTE
    _printf_llo                              0x00000000   Number         0  stubs.o ABSOLUTE
    _printf_llu                              0x00000000   Number         0  stubs.o ABSOLUTE
    _printf_llx                              0x00000000   Number         0  stubs.o ABSOLUTE
    _printf_longlong_dec                     0x00000000   Number         0  stubs.o ABSOLUTE
    _printf_longlong_hex                     0x00000000   Number         0  stubs.o ABSOLUTE
    _printf_longlong_oct                     0x00000000   Number         0  stubs.o ABSOLUTE
    _printf_ls                               0x00000000   Number         0  stubs.o ABSOLUTE
    _printf_mbtowc                           0x00000000   Number         0  stubs.o ABSOLUTE
    _printf_n                                0x00000000   Number         0  stubs.o ABSOLUTE
    _printf_o                                0x00000000   Number         0  stubs.o ABSOLUTE
    _printf_p                                0x00000000   Number         0  stubs.o ABSOLUTE
    _printf_percent                          0x00000000   Number         0  stubs.o ABSOLUTE
    _printf_pre_padding                      0x00000000   Number         0  stubs.o ABSOLUTE
    _printf_return_value                     0x00000000   Number         0  stubs.o ABSOLUTE
    _printf_s                                0x00000000   Number         0  stubs.o ABSOLUTE
    _printf_sizespec                         0x00000000   Number         0  stubs.o ABSOLUTE
    _printf_str                              0x00000000   Number         0  stubs.o ABSOLUTE
    _printf_truncate_signed                  0x00000000   Number         0  stubs.o ABSOLUTE
    _printf_truncate_unsigned                0x00000000   Number         0  stubs.o ABSOLUTE
    _printf_u                                0x00000000   Number         0  stubs.o ABSOLUTE
    _printf_wc                               0x00000000   Number         0  stubs.o ABSOLUTE
    _printf_wctomb                           0x00000000   Number         0  stubs.o ABSOLUTE
    _printf_widthprec                        0x00000000   Number         0  stubs.o ABSOLUTE
    _printf_x                                0x00000000   Number         0  stubs.o ABSOLUTE
    __cpp_initialize__aeabi_                  - Undefined Weak Reference
    __cxa_finalize                            - Undefined Weak Reference
    __decompress                              - Undefined Weak Reference
    _clock_init                               - Undefined Weak Reference
    _microlib_exit                            - Undefined Weak Reference
    __Vectors_Size                           0x00000130   Number         0  startup_stm32f10x_hd.o ABSOLUTE
    __Vectors                                0x08000000   Data           4  startup_stm32f10x_hd.o(RESET)
    __Vectors_End                            0x08000130   Data           0  startup_stm32f10x_hd.o(RESET)
    __main                                   0x08000131   Thumb Code     0  entry.o(.ARM.Collect$$$$00000000)
    _main_stk                                0x08000131   Thumb Code     0  entry2.o(.ARM.Collect$$$$00000001)
    _main_scatterload                        0x08000135   Thumb Code     0  entry5.o(.ARM.Collect$$$$00000004)
    __main_after_scatterload                 0x08000139   Thumb Code     0  entry5.o(.ARM.Collect$$$$00000004)
    _main_clock                              0x08000139   Thumb Code     0  entry7b.o(.ARM.Collect$$$$00000008)
    _main_cpp_init                           0x08000139   Thumb Code     0  entry8b.o(.ARM.Collect$$$$0000000A)
    _main_init                               0x08000139   Thumb Code     0  entry9a.o(.ARM.Collect$$$$0000000B)
    __rt_final_cpp                           0x08000141   Thumb Code     0  entry10a.o(.ARM.Collect$$$$0000000D)
    __rt_final_exit                          0x08000141   Thumb Code     0  entry11a.o(.ARM.Collect$$$$0000000F)
    Reset_Handler                            0x08000145   Thumb Code     8  startup_stm32f10x_hd.o(.text)
    ADC1_2_IRQHandler                        0x0800015f   Thumb Code     0  startup_stm32f10x_hd.o(.text)
    ADC3_IRQHandler                          0x0800015f   Thumb Code     0  startup_stm32f10x_hd.o(.text)
    CAN1_RX1_IRQHandler                      0x0800015f   Thumb Code     0  startup_stm32f10x_hd.o(.text)
    CAN1_SCE_IRQHandler                      0x0800015f   Thumb Code     0  startup_stm32f10x_hd.o(.text)
    DMA1_Channel1_IRQHandler                 0x0800015f   Thumb Code     0  startup_stm32f10x_hd.o(.text)
    DMA1_Channel2_IRQHandler                 0x0800015f   Thumb Code     0  startup_stm32f10x_hd.o(.text)
    DMA1_Channel3_IRQHandler                 0x0800015f   Thumb Code     0  startup_stm32f10x_hd.o(.text)
    DMA1_Channel4_IRQHandler                 0x0800015f   Thumb Code     0  startup_stm32f10x_hd.o(.text)
    DMA1_Channel5_IRQHandler                 0x0800015f   Thumb Code     0  startup_stm32f10x_hd.o(.text)
    DMA1_Channel6_IRQHandler                 0x0800015f   Thumb Code     0  startup_stm32f10x_hd.o(.text)
    DMA1_Channel7_IRQHandler                 0x0800015f   Thumb Code     0  startup_stm32f10x_hd.o(.text)
    DMA2_Channel1_IRQHandler                 0x0800015f   Thumb Code     0  startup_stm32f10x_hd.o(.text)
    DMA2_Channel2_IRQHandler                 0x0800015f   Thumb Code     0  startup_stm32f10x_hd.o(.text)
    DMA2_Channel3_IRQHandler                 0x0800015f   Thumb Code     0  startup_stm32f10x_hd.o(.text)
    DMA2_Channel4_5_IRQHandler               0x0800015f   Thumb Code     0  startup_stm32f10x_hd.o(.text)
    EXTI0_IRQHandler                         0x0800015f   Thumb Code     0  startup_stm32f10x_hd.o(.text)
    EXTI15_10_IRQHandler                     0x0800015f   Thumb Code     0  startup_stm32f10x_hd.o(.text)
    EXTI1_IRQHandler                         0x0800015f   Thumb Code     0  startup_stm32f10x_hd.o(.text)
    EXTI2_IRQHandler                         0x0800015f   Thumb Code     0  startup_stm32f10x_hd.o(.text)
    EXTI3_IRQHandler                         0x0800015f   Thumb Code     0  startup_stm32f10x_hd.o(.text)
    EXTI4_IRQHandler                         0x0800015f   Thumb Code     0  startup_stm32f10x_hd.o(.text)
    FLASH_IRQHandler                         0x0800015f   Thumb Code     0  startup_stm32f10x_hd.o(.text)
    FSMC_IRQHandler                          0x0800015f   Thumb Code     0  startup_stm32f10x_hd.o(.text)
    I2C1_ER_IRQHandler                       0x0800015f   Thumb Code     0  startup_stm32f10x_hd.o(.text)
    I2C1_EV_IRQHandler                       0x0800015f   Thumb Code     0  startup_stm32f10x_hd.o(.text)
    I2C2_ER_IRQHandler                       0x0800015f   Thumb Code     0  startup_stm32f10x_hd.o(.text)
    I2C2_EV_IRQHandler                       0x0800015f   Thumb Code     0  startup_stm32f10x_hd.o(.text)
    PVD_IRQHandler                           0x0800015f   Thumb Code     0  startup_stm32f10x_hd.o(.text)
    RCC_IRQHandler                           0x0800015f   Thumb Code     0  startup_stm32f10x_hd.o(.text)
    RTCAlarm_IRQHandler                      0x0800015f   Thumb Code     0  startup_stm32f10x_hd.o(.text)
    RTC_IRQHandler                           0x0800015f   Thumb Code     0  startup_stm32f10x_hd.o(.text)
    SDIO_IRQHandler                          0x0800015f   Thumb Code     0  startup_stm32f10x_hd.o(.text)
    SPI1_IRQHandler                          0x0800015f   Thumb Code     0  startup_stm32f10x_hd.o(.text)
    SPI2_IRQHandler                          0x0800015f   Thumb Code     0  startup_stm32f10x_hd.o(.text)
    SPI3_IRQHandler                          0x0800015f   Thumb Code     0  startup_stm32f10x_hd.o(.text)
    TAMPER_IRQHandler                        0x0800015f   Thumb Code     0  startup_stm32f10x_hd.o(.text)
    TIM1_BRK_IRQHandler                      0x0800015f   Thumb Code     0  startup_stm32f10x_hd.o(.text)
    TIM1_CC_IRQHandler                       0x0800015f   Thumb Code     0  startup_stm32f10x_hd.o(.text)
    TIM1_TRG_COM_IRQHandler                  0x0800015f   Thumb Code     0  startup_stm32f10x_hd.o(.text)
    TIM1_UP_IRQHandler                       0x0800015f   Thumb Code     0  startup_stm32f10x_hd.o(.text)
    TIM2_IRQHandler                          0x0800015f   Thumb Code     0  startup_stm32f10x_hd.o(.text)
    TIM4_IRQHandler                          0x0800015f   Thumb Code     0  startup_stm32f10x_hd.o(.text)
    TIM5_IRQHandler                          0x0800015f   Thumb Code     0  startup_stm32f10x_hd.o(.text)
    TIM6_IRQHandler                          0x0800015f   Thumb Code     0  startup_stm32f10x_hd.o(.text)
    TIM7_IRQHandler                          0x0800015f   Thumb Code     0  startup_stm32f10x_hd.o(.text)
    TIM8_BRK_IRQHandler                      0x0800015f   Thumb Code     0  startup_stm32f10x_hd.o(.text)
    TIM8_CC_IRQHandler                       0x0800015f   Thumb Code     0  startup_stm32f10x_hd.o(.text)
    TIM8_TRG_COM_IRQHandler                  0x0800015f   Thumb Code     0  startup_stm32f10x_hd.o(.text)
    TIM8_UP_IRQHandler                       0x0800015f   Thumb Code     0  startup_stm32f10x_hd.o(.text)
    UART4_IRQHandler                         0x0800015f   Thumb Code     0  startup_stm32f10x_hd.o(.text)
    UART5_IRQHandler                         0x0800015f   Thumb Code     0  startup_stm32f10x_hd.o(.text)
    USART3_IRQHandler                        0x0800015f   Thumb Code     0  startup_stm32f10x_hd.o(.text)
    USBWakeUp_IRQHandler                     0x0800015f   Thumb Code     0  startup_stm32f10x_hd.o(.text)
    USB_HP_CAN1_TX_IRQHandler                0x0800015f   Thumb Code     0  startup_stm32f10x_hd.o(.text)
    USB_LP_CAN1_RX0_IRQHandler               0x0800015f   Thumb Code     0  startup_stm32f10x_hd.o(.text)
    WWDG_IRQHandler                          0x0800015f   Thumb Code     0  startup_stm32f10x_hd.o(.text)
    SystemInit                               0x08000247   Thumb Code    78  system_stm32f10x.o(.text)
    SystemCoreClockUpdate                    0x08000295   Thumb Code   142  system_stm32f10x.o(.text)
    NVIC_PriorityGroupConfig                 0x08000349   Thumb Code    10  misc.o(.text)
    NVIC_Init                                0x08000353   Thumb Code   100  misc.o(.text)
    NVIC_SetVectorTable                      0x080003b7   Thumb Code    14  misc.o(.text)
    NVIC_SystemLPConfig                      0x080003c5   Thumb Code    34  misc.o(.text)
    SysTick_CLKSourceConfig                  0x080003e7   Thumb Code    40  misc.o(.text)
    EXTI_DeInit                              0x08000425   Thumb Code    28  stm32f10x_exti.o(.text)
    EXTI_Init                                0x08000441   Thumb Code   142  stm32f10x_exti.o(.text)
    EXTI_StructInit                          0x080004cf   Thumb Code    16  stm32f10x_exti.o(.text)
    EXTI_GenerateSWInterrupt                 0x080004df   Thumb Code    16  stm32f10x_exti.o(.text)
    EXTI_GetFlagStatus                       0x080004ef   Thumb Code    22  stm32f10x_exti.o(.text)
    EXTI_ClearFlag                           0x08000505   Thumb Code     8  stm32f10x_exti.o(.text)
    EXTI_GetITStatus                         0x0800050d   Thumb Code    34  stm32f10x_exti.o(.text)
    EXTI_ClearITPendingBit                   0x0800052f   Thumb Code     8  stm32f10x_exti.o(.text)
    FLASH_SetLatency                         0x08000541   Thumb Code    18  stm32f10x_flash.o(.text)
    FLASH_HalfCycleAccessCmd                 0x08000553   Thumb Code    22  stm32f10x_flash.o(.text)
    FLASH_PrefetchBufferCmd                  0x08000569   Thumb Code    22  stm32f10x_flash.o(.text)
    FLASH_Unlock                             0x0800057f   Thumb Code    12  stm32f10x_flash.o(.text)
    FLASH_UnlockBank1                        0x0800058b   Thumb Code    12  stm32f10x_flash.o(.text)
    FLASH_Lock                               0x08000597   Thumb Code    14  stm32f10x_flash.o(.text)
    FLASH_LockBank1                          0x080005a5   Thumb Code    14  stm32f10x_flash.o(.text)
    FLASH_GetBank1Status                     0x080005b3   Thumb Code    48  stm32f10x_flash.o(.text)
    FLASH_WaitForLastOperation               0x080005e3   Thumb Code    38  stm32f10x_flash.o(.text)
    FLASH_ErasePage                          0x08000609   Thumb Code    72  stm32f10x_flash.o(.text)
    FLASH_EraseAllPages                      0x08000651   Thumb Code    68  stm32f10x_flash.o(.text)
    FLASH_WaitForLastBank1Operation          0x08000695   Thumb Code    38  stm32f10x_flash.o(.text)
    FLASH_EraseAllBank1Pages                 0x080006bb   Thumb Code    68  stm32f10x_flash.o(.text)
    FLASH_GetReadOutProtectionStatus         0x080006ff   Thumb Code    20  stm32f10x_flash.o(.text)
    FLASH_EraseOptionBytes                   0x08000713   Thumb Code   150  stm32f10x_flash.o(.text)
    FLASH_ProgramWord                        0x080007a9   Thumb Code   102  stm32f10x_flash.o(.text)
    FLASH_ProgramHalfWord                    0x0800080f   Thumb Code    60  stm32f10x_flash.o(.text)
    FLASH_ProgramOptionByteData              0x0800084b   Thumb Code    72  stm32f10x_flash.o(.text)
    FLASH_EnableWriteProtection              0x08000893   Thumb Code   200  stm32f10x_flash.o(.text)
    FLASH_ReadOutProtection                  0x0800095b   Thumb Code   156  stm32f10x_flash.o(.text)
    FLASH_UserOptionByteConfig               0x080009f7   Thumb Code    88  stm32f10x_flash.o(.text)
    FLASH_GetUserOptionByte                  0x08000a4f   Thumb Code     8  stm32f10x_flash.o(.text)
    FLASH_GetWriteProtectionOptionByte       0x08000a57   Thumb Code     6  stm32f10x_flash.o(.text)
    FLASH_GetPrefetchBufferStatus            0x08000a5d   Thumb Code    20  stm32f10x_flash.o(.text)
    FLASH_ITConfig                           0x08000a71   Thumb Code    26  stm32f10x_flash.o(.text)
    FLASH_GetFlagStatus                      0x08000a8b   Thumb Code    42  stm32f10x_flash.o(.text)
    FLASH_ClearFlag                          0x08000ab5   Thumb Code     6  stm32f10x_flash.o(.text)
    FLASH_GetStatus                          0x08000abb   Thumb Code    48  stm32f10x_flash.o(.text)
    GPIO_DeInit                              0x08000afd   Thumb Code   172  stm32f10x_gpio.o(.text)
    GPIO_AFIODeInit                          0x08000ba9   Thumb Code    20  stm32f10x_gpio.o(.text)
    GPIO_Init                                0x08000bbd   Thumb Code   278  stm32f10x_gpio.o(.text)
    GPIO_StructInit                          0x08000cd3   Thumb Code    16  stm32f10x_gpio.o(.text)
    GPIO_ReadInputDataBit                    0x08000ce3   Thumb Code    18  stm32f10x_gpio.o(.text)
    GPIO_ReadInputData                       0x08000cf5   Thumb Code     8  stm32f10x_gpio.o(.text)
    GPIO_ReadOutputDataBit                   0x08000cfd   Thumb Code    18  stm32f10x_gpio.o(.text)
    GPIO_ReadOutputData                      0x08000d0f   Thumb Code     8  stm32f10x_gpio.o(.text)
    GPIO_SetBits                             0x08000d17   Thumb Code     4  stm32f10x_gpio.o(.text)
    GPIO_ResetBits                           0x08000d1b   Thumb Code     4  stm32f10x_gpio.o(.text)
    GPIO_WriteBit                            0x08000d1f   Thumb Code    10  stm32f10x_gpio.o(.text)
    GPIO_Write                               0x08000d29   Thumb Code     4  stm32f10x_gpio.o(.text)
    GPIO_PinLockConfig                       0x08000d2d   Thumb Code    18  stm32f10x_gpio.o(.text)
    GPIO_EventOutputConfig                   0x08000d3f   Thumb Code    26  stm32f10x_gpio.o(.text)
    GPIO_EventOutputCmd                      0x08000d59   Thumb Code     6  stm32f10x_gpio.o(.text)
    GPIO_PinRemapConfig                      0x08000d5f   Thumb Code   138  stm32f10x_gpio.o(.text)
    GPIO_EXTILineConfig                      0x08000de9   Thumb Code    66  stm32f10x_gpio.o(.text)
    GPIO_ETH_MediaInterfaceConfig            0x08000e2b   Thumb Code     8  stm32f10x_gpio.o(.text)
    RCC_DeInit                               0x08000e59   Thumb Code    64  stm32f10x_rcc.o(.text)
    RCC_HSEConfig                            0x08000e99   Thumb Code    70  stm32f10x_rcc.o(.text)
    RCC_GetFlagStatus                        0x08000edf   Thumb Code    56  stm32f10x_rcc.o(.text)
    RCC_WaitForHSEStartUp                    0x08000f17   Thumb Code    56  stm32f10x_rcc.o(.text)
    RCC_AdjustHSICalibrationValue            0x08000f4f   Thumb Code    20  stm32f10x_rcc.o(.text)
    RCC_HSICmd                               0x08000f63   Thumb Code     6  stm32f10x_rcc.o(.text)
    RCC_PLLConfig                            0x08000f69   Thumb Code    24  stm32f10x_rcc.o(.text)
    RCC_PLLCmd                               0x08000f81   Thumb Code     6  stm32f10x_rcc.o(.text)
    RCC_SYSCLKConfig                         0x08000f87   Thumb Code    18  stm32f10x_rcc.o(.text)
    RCC_GetSYSCLKSource                      0x08000f99   Thumb Code    10  stm32f10x_rcc.o(.text)
    RCC_HCLKConfig                           0x08000fa3   Thumb Code    18  stm32f10x_rcc.o(.text)
    RCC_PCLK1Config                          0x08000fb5   Thumb Code    18  stm32f10x_rcc.o(.text)
    RCC_PCLK2Config                          0x08000fc7   Thumb Code    20  stm32f10x_rcc.o(.text)
    RCC_ITConfig                             0x08000fdb   Thumb Code    26  stm32f10x_rcc.o(.text)
    RCC_USBCLKConfig                         0x08000ff5   Thumb Code     8  stm32f10x_rcc.o(.text)
    RCC_ADCCLKConfig                         0x08000ffd   Thumb Code    18  stm32f10x_rcc.o(.text)
    RCC_LSEConfig                            0x0800100f   Thumb Code    50  stm32f10x_rcc.o(.text)
    RCC_LSICmd                               0x08001041   Thumb Code     6  stm32f10x_rcc.o(.text)
    RCC_RTCCLKConfig                         0x08001047   Thumb Code    12  stm32f10x_rcc.o(.text)
    RCC_RTCCLKCmd                            0x08001053   Thumb Code     8  stm32f10x_rcc.o(.text)
    RCC_GetClocksFreq                        0x0800105b   Thumb Code   192  stm32f10x_rcc.o(.text)
    RCC_AHBPeriphClockCmd                    0x0800111b   Thumb Code    26  stm32f10x_rcc.o(.text)
    RCC_APB2PeriphClockCmd                   0x08001135   Thumb Code    26  stm32f10x_rcc.o(.text)
    RCC_APB1PeriphClockCmd                   0x0800114f   Thumb Code    26  stm32f10x_rcc.o(.text)
    RCC_APB2PeriphResetCmd                   0x08001169   Thumb Code    26  stm32f10x_rcc.o(.text)
    RCC_APB1PeriphResetCmd                   0x08001183   Thumb Code    26  stm32f10x_rcc.o(.text)
    RCC_BackupResetCmd                       0x0800119d   Thumb Code     8  stm32f10x_rcc.o(.text)
    RCC_ClockSecuritySystemCmd               0x080011a5   Thumb Code     6  stm32f10x_rcc.o(.text)
    RCC_MCOConfig                            0x080011ab   Thumb Code     6  stm32f10x_rcc.o(.text)
    RCC_ClearFlag                            0x080011b1   Thumb Code    14  stm32f10x_rcc.o(.text)
    RCC_GetITStatus                          0x080011bf   Thumb Code    20  stm32f10x_rcc.o(.text)
    RCC_ClearITPendingBit                    0x080011d3   Thumb Code     6  stm32f10x_rcc.o(.text)
    SPI_I2S_DeInit                           0x080011fd   Thumb Code    76  stm32f10x_spi.o(.text)
    SPI_Init                                 0x08001249   Thumb Code    60  stm32f10x_spi.o(.text)
    I2S_Init                                 0x08001285   Thumb Code   226  stm32f10x_spi.o(.text)
    SPI_StructInit                           0x08001367   Thumb Code    24  stm32f10x_spi.o(.text)
    I2S_StructInit                           0x0800137f   Thumb Code    20  stm32f10x_spi.o(.text)
    SPI_Cmd                                  0x08001393   Thumb Code    24  stm32f10x_spi.o(.text)
    I2S_Cmd                                  0x080013ab   Thumb Code    24  stm32f10x_spi.o(.text)
    SPI_I2S_ITConfig                         0x080013c3   Thumb Code    32  stm32f10x_spi.o(.text)
    SPI_I2S_DMACmd                           0x080013e3   Thumb Code    18  stm32f10x_spi.o(.text)
    SPI_I2S_SendData                         0x080013f5   Thumb Code     4  stm32f10x_spi.o(.text)
    SPI_I2S_ReceiveData                      0x080013f9   Thumb Code     6  stm32f10x_spi.o(.text)
    SPI_NSSInternalSoftwareConfig            0x080013ff   Thumb Code    30  stm32f10x_spi.o(.text)
    SPI_SSOutputCmd                          0x0800141d   Thumb Code    24  stm32f10x_spi.o(.text)
    SPI_DataSizeConfig                       0x08001435   Thumb Code    18  stm32f10x_spi.o(.text)
    SPI_TransmitCRC                          0x08001447   Thumb Code    10  stm32f10x_spi.o(.text)
    SPI_CalculateCRC                         0x08001451   Thumb Code    24  stm32f10x_spi.o(.text)
    SPI_GetCRC                               0x08001469   Thumb Code    16  stm32f10x_spi.o(.text)
    SPI_GetCRCPolynomial                     0x08001479   Thumb Code     6  stm32f10x_spi.o(.text)
    SPI_BiDirectionalLineConfig              0x0800147f   Thumb Code    28  stm32f10x_spi.o(.text)
    SPI_I2S_GetFlagStatus                    0x0800149b   Thumb Code    18  stm32f10x_spi.o(.text)
    SPI_I2S_ClearFlag                        0x080014ad   Thumb Code     6  stm32f10x_spi.o(.text)
    SPI_I2S_GetITStatus                      0x080014b3   Thumb Code    52  stm32f10x_spi.o(.text)
    SPI_I2S_ClearITPendingBit                0x080014e7   Thumb Code    20  stm32f10x_spi.o(.text)
    USART_DeInit                             0x08001509   Thumb Code   134  stm32f10x_usart.o(.text)
    USART_Init                               0x0800158f   Thumb Code   210  stm32f10x_usart.o(.text)
    USART_StructInit                         0x08001661   Thumb Code    24  stm32f10x_usart.o(.text)
    USART_ClockInit                          0x08001679   Thumb Code    34  stm32f10x_usart.o(.text)
    USART_ClockStructInit                    0x0800169b   Thumb Code    12  stm32f10x_usart.o(.text)
    USART_Cmd                                0x080016a7   Thumb Code    24  stm32f10x_usart.o(.text)
    USART_ITConfig                           0x080016bf   Thumb Code    74  stm32f10x_usart.o(.text)
    USART_DMACmd                             0x08001709   Thumb Code    18  stm32f10x_usart.o(.text)
    USART_SetAddress                         0x0800171b   Thumb Code    18  stm32f10x_usart.o(.text)
    USART_WakeUpConfig                       0x0800172d   Thumb Code    18  stm32f10x_usart.o(.text)
    USART_ReceiverWakeUpCmd                  0x0800173f   Thumb Code    24  stm32f10x_usart.o(.text)
    USART_LINBreakDetectLengthConfig         0x08001757   Thumb Code    18  stm32f10x_usart.o(.text)
    USART_LINCmd                             0x08001769   Thumb Code    24  stm32f10x_usart.o(.text)
    USART_SendData                           0x08001781   Thumb Code     8  stm32f10x_usart.o(.text)
    USART_ReceiveData                        0x08001789   Thumb Code    10  stm32f10x_usart.o(.text)
    USART_SendBreak                          0x08001793   Thumb Code    10  stm32f10x_usart.o(.text)
    USART_SetGuardTime                       0x0800179d   Thumb Code    16  stm32f10x_usart.o(.text)
    USART_SetPrescaler                       0x080017ad   Thumb Code    16  stm32f10x_usart.o(.text)
    USART_SmartCardCmd                       0x080017bd   Thumb Code    24  stm32f10x_usart.o(.text)
    USART_SmartCardNACKCmd                   0x080017d5   Thumb Code    24  stm32f10x_usart.o(.text)
    USART_HalfDuplexCmd                      0x080017ed   Thumb Code    24  stm32f10x_usart.o(.text)
    USART_OverSampling8Cmd                   0x08001805   Thumb Code    22  stm32f10x_usart.o(.text)
    USART_OneBitMethodCmd                    0x0800181b   Thumb Code    24  stm32f10x_usart.o(.text)
    USART_IrDAConfig                         0x08001833   Thumb Code    18  stm32f10x_usart.o(.text)
    USART_IrDACmd                            0x08001845   Thumb Code    24  stm32f10x_usart.o(.text)
    USART_GetFlagStatus                      0x0800185d   Thumb Code    26  stm32f10x_usart.o(.text)
    USART_ClearFlag                          0x08001877   Thumb Code    18  stm32f10x_usart.o(.text)
    USART_GetITStatus                        0x08001889   Thumb Code    84  stm32f10x_usart.o(.text)
    USART_ClearITPendingBit                  0x080018dd   Thumb Code    52  stm32f10x_usart.o(.text)
    at24c16_init                             0x08001911   Thumb Code    56  at24c16.o(.text)
    at24c16_start                            0x08001949   Thumb Code    42  at24c16.o(.text)
    at24c16_stop                             0x08001973   Thumb Code    34  at24c16.o(.text)
    write_1byte                              0x08001995   Thumb Code   112  at24c16.o(.text)
    read_1byte                               0x08001a05   Thumb Code   100  at24c16.o(.text)
    clock                                    0x08001a69   Thumb Code    56  at24c16.o(.text)
    at24c16_write                            0x08001aa1   Thumb Code    80  at24c16.o(.text)
    at24c16_read                             0x08001af1   Thumb Code    70  at24c16.o(.text)
    eep_block_write                          0x08001b37   Thumb Code    40  at24c16.o(.text)
    erase_eeprom                             0x08001b5f   Thumb Code    30  at24c16.o(.text)
    Reset_W5500                              0x08001b81   Thumb Code    36  device.o(.text)
    reboot                                   0x08001ba5   Thumb Code    12  device.o(.text)
    USART1_Init                              0x08001bb1   Thumb Code    62  device.o(.text)
    fputc                                    0x08001bef   Thumb Code    32  device.o(.text)
    USART1_Putc                              0x08001c0f   Thumb Code    28  device.o(.text)
    USART1_Puts                              0x08001c2b   Thumb Code    38  device.o(.text)
    USART1_IRQHandler                        0x08001c51   Thumb Code    70  device.o(.text)
    Set_network                              0x08001c97   Thumb Code   166  device.o(.text)
    write_config_to_eeprom                   0x08001d3d   Thumb Code    44  device.o(.text)
    set_default                              0x08001d69   Thumb Code   100  device.o(.text)
    get_config                               0x08001dcd   Thumb Code    94  device.o(.text)
    main                                     0x08001e65   Thumb Code   218  main.o(.text)
    GPIO_Configuration                       0x08001fa1   Thumb Code   178  mcu_init.o(.text)
    RCC_Configuration                        0x08002053   Thumb Code   124  mcu_init.o(.text)
    NVIC_Configuration                       0x080020cf   Thumb Code   144  mcu_init.o(.text)
    inet_ntoa                                0x08002171   Thumb Code    40  sockutil.o(.text)
    inet_ntoa_pad                            0x08002199   Thumb Code    40  sockutil.o(.text)
    VerifyIPAddress_orig                     0x080021c1   Thumb Code   110  sockutil.o(.text)
    VerifyIPAddress                          0x0800222f   Thumb Code   116  sockutil.o(.text)
    GetDestAddr                              0x080022a3   Thumb Code    40  sockutil.o(.text)
    GetDestPort                              0x080022cb   Thumb Code    48  sockutil.o(.text)
    htons                                    0x080022fb   Thumb Code    12  sockutil.o(.text)
    htonl                                    0x08002307   Thumb Code    12  sockutil.o(.text)
    ntohs                                    0x08002313   Thumb Code    12  sockutil.o(.text)
    ntohl                                    0x0800231f   Thumb Code    12  sockutil.o(.text)
    CheckDestInLocal                         0x0800232b   Thumb Code    62  sockutil.o(.text)
    getSocket                                0x08002369   Thumb Code    42  sockutil.o(.text)
    checksum                                 0x08002393   Thumb Code    76  sockutil.o(.text)
    NMI_Handler                              0x0800240d   Thumb Code     2  stm32f10x_it.o(.text)
    HardFault_Handler                        0x0800240f   Thumb Code     4  stm32f10x_it.o(.text)
    MemManage_Handler                        0x08002413   Thumb Code     4  stm32f10x_it.o(.text)
    BusFault_Handler                         0x08002417   Thumb Code     4  stm32f10x_it.o(.text)
    UsageFault_Handler                       0x0800241b   Thumb Code     4  stm32f10x_it.o(.text)
    SVC_Handler                              0x0800241f   Thumb Code     2  stm32f10x_it.o(.text)
    DebugMon_Handler                         0x08002421   Thumb Code     2  stm32f10x_it.o(.text)
    PendSV_Handler                           0x08002423   Thumb Code     2  stm32f10x_it.o(.text)
    SysTick_Handler                          0x08002425   Thumb Code     2  stm32f10x_it.o(.text)
    TIM3_IRQHandler                          0x08002427   Thumb Code     2  stm32f10x_it.o(.text)
    USART2_IRQHandler                        0x08002429   Thumb Code     2  stm32f10x_it.o(.text)
    EXTI9_5_IRQHandler                       0x0800242b   Thumb Code    22  stm32f10x_it.o(.text)
    Systick_Init                             0x08002441   Thumb Code    56  util.o(.text)
    Delay_ms                                 0x08002479   Thumb Code    56  util.o(.text)
    Delay_s                                  0x080024b1   Thumb Code    22  util.o(.text)
    Delay_us                                 0x080024c7   Thumb Code    56  util.o(.text)
    C2D                                      0x080024ff   Thumb Code    54  util.o(.text)
    ATOI                                     0x08002535   Thumb Code    32  util.o(.text)
    ATOI32                                   0x08002555   Thumb Code    32  util.o(.text)
    itoa                                     0x08002575   Thumb Code    64  util.o(.text)
    ValidATOI                                0x080025b5   Thumb Code    72  util.o(.text)
    replacetochar                            0x080025fd   Thumb Code    26  util.o(.text)
    swaps                                    0x08002617   Thumb Code    14  util.o(.text)
    swapl                                    0x08002625   Thumb Code    28  util.o(.text)
    mid                                      0x08002641   Thumb Code    68  util.o(.text)
    inet_addr_                               0x08002685   Thumb Code    90  util.o(.text)
    loopback_tcps                            0x080026ed   Thumb Code   322  loopback.o(.text)
    loopback_tcpc                            0x0800282f   Thumb Code   304  loopback.o(.text)
    loopback_udp                             0x0800295f   Thumb Code   294  loopback.o(.text)
    ISR                                      0x08002b49   Thumb Code   150  user_app.o(.text)
    SOCK_DISCON                              0x08002bdf   Thumb Code    30  user_app.o(.text)
    reset_DHCP_time                          0x08002c05   Thumb Code    28  dhcp.o(.text)
    send_DHCP_DISCOVER                       0x08002c21   Thumb Code   686  dhcp.o(.text)
    send_DHCP_REQUEST                        0x08002ecf   Thumb Code  1060  dhcp.o(.text)
    send_DHCP_RELEASE_DECLINE                0x080032f3   Thumb Code   708  dhcp.o(.text)
    parseDHCPMSG                             0x080035b7   Thumb Code  1526  dhcp.o(.text)
    check_DHCP_Timeout                       0x08003bad   Thumb Code   134  dhcp.o(.text)
    check_leasedIP                           0x08003c33   Thumb Code    82  dhcp.o(.text)
    check_DHCP_state                         0x08003c85   Thumb Code   452  dhcp.o(.text)
    DHCP_timer_handler                       0x08003e49   Thumb Code    36  dhcp.o(.text)
    init_dhcp_client                         0x08003e6d   Thumb Code   872  dhcp.o(.text)
    close                                    0x08004219   Thumb Code    52  socket.o(.text)
    socket                                   0x0800424d   Thumb Code   192  socket.o(.text)
    listen                                   0x0800430d   Thumb Code    62  socket.o(.text)
    connect                                  0x0800434b   Thumb Code   248  socket.o(.text)
    disconnect                               0x08004443   Thumb Code    38  socket.o(.text)
    send                                     0x08004469   Thumb Code   216  socket.o(.text)
    recv                                     0x08004541   Thumb Code    66  socket.o(.text)
    sendto                                   0x08004583   Thumb Code   268  socket.o(.text)
    recvfrom                                 0x0800468f   Thumb Code   510  socket.o(.text)
    WIZ_SPI_Init                             0x080048a5   Thumb Code    78  spi2.o(.text)
    WIZ_CS                                   0x080048f3   Thumb Code    32  spi2.o(.text)
    SPI2_SendByte                            0x08004913   Thumb Code    50  spi2.o(.text)
    getISR                                   0x0800494d   Thumb Code     8  w5500.o(.text)
    putISR                                   0x08004955   Thumb Code     6  w5500.o(.text)
    getIINCHIP_RxMAX                         0x0800495b   Thumb Code    10  w5500.o(.text)
    getIINCHIP_TxMAX                         0x08004965   Thumb Code    10  w5500.o(.text)
    IINCHIP_CSoff                            0x0800496f   Thumb Code    10  w5500.o(.text)
    IINCHIP_CSon                             0x08004979   Thumb Code    10  w5500.o(.text)
    IINCHIP_SpiSendData                      0x08004983   Thumb Code    12  w5500.o(.text)
    IINCHIP_WRITE                            0x0800498f   Thumb Code    50  w5500.o(.text)
    IINCHIP_READ                             0x080049c1   Thumb Code    50  w5500.o(.text)
    wiz_write_buf                            0x080049f3   Thumb Code    80  w5500.o(.text)
    wiz_read_buf                             0x08004a43   Thumb Code    78  w5500.o(.text)
    setMR                                    0x08004a91   Thumb Code    14  w5500.o(.text)
    iinchip_init                             0x08004a9f   Thumb Code    10  w5500.o(.text)
    sysinit                                  0x08004aa9   Thumb Code   302  w5500.o(.text)
    setGAR                                   0x08004bd7   Thumb Code    16  w5500.o(.text)
    getGWIP                                  0x08004be7   Thumb Code    16  w5500.o(.text)
    setSUBR                                  0x08004bf7   Thumb Code    18  w5500.o(.text)
    setSHAR                                  0x08004c09   Thumb Code    18  w5500.o(.text)
    setSIPR                                  0x08004c1b   Thumb Code    18  w5500.o(.text)
    getGAR                                   0x08004c2d   Thumb Code    16  w5500.o(.text)
    getSUBR                                  0x08004c3d   Thumb Code    18  w5500.o(.text)
    getSHAR                                  0x08004c4f   Thumb Code    18  w5500.o(.text)
    getSIPR                                  0x08004c61   Thumb Code    18  w5500.o(.text)
    getIR                                    0x08004c73   Thumb Code    12  w5500.o(.text)
    setRTR                                   0x08004c7f   Thumb Code    26  w5500.o(.text)
    setRCR                                   0x08004c99   Thumb Code    16  w5500.o(.text)
    clearIR                                  0x08004ca9   Thumb Code    26  w5500.o(.text)
    setSn_MSS                                0x08004cc3   Thumb Code    36  w5500.o(.text)
    setSn_TTL                                0x08004ce7   Thumb Code    22  w5500.o(.text)
    getSn_IR                                 0x08004cfd   Thumb Code    18  w5500.o(.text)
    getSn_SR                                 0x08004d0f   Thumb Code    18  w5500.o(.text)
    getSn_TX_FSR                             0x08004d21   Thumb Code   124  w5500.o(.text)
    getSn_RX_RSR                             0x08004d9d   Thumb Code    84  w5500.o(.text)
    send_data_processing                     0x08004df1   Thumb Code   116  w5500.o(.text)
    recv_data_processing                     0x08004e65   Thumb Code   116  w5500.o(.text)
    __aeabi_memset                           0x08004f19   Thumb Code    14  memseta.o(.text)
    __aeabi_memset4                          0x08004f19   Thumb Code     0  memseta.o(.text)
    __aeabi_memset8                          0x08004f19   Thumb Code     0  memseta.o(.text)
    __aeabi_memclr                           0x08004f27   Thumb Code     4  memseta.o(.text)
    __aeabi_memclr4                          0x08004f27   Thumb Code     0  memseta.o(.text)
    __aeabi_memclr8                          0x08004f27   Thumb Code     0  memseta.o(.text)
    _memset$wrapper                          0x08004f2b   Thumb Code    18  memseta.o(.text)
    strstr                                   0x08004f3d   Thumb Code    36  strstr.o(.text)
    strncpy                                  0x08004f61   Thumb Code    24  strncpy.o(.text)
    strlen                                   0x08004f79   Thumb Code    14  strlen.o(.text)
    memcmp                                   0x08004f87   Thumb Code    26  memcmp.o(.text)
    strcpy                                   0x08004fa1   Thumb Code    18  strcpy.o(.text)
    strtok                                   0x08004fb5   Thumb Code    62  strtok.o(.text)
    __aeabi_uidiv                            0x08004ff9   Thumb Code     0  uidiv.o(.text)
    __aeabi_uidivmod                         0x08004ff9   Thumb Code    44  uidiv.o(.text)
    __aeabi_uldivmod                         0x08005025   Thumb Code    98  uldiv.o(.text)
    __I$use$fp                               0x08005087   Thumb Code     0  iusefp.o(.text)
    __aeabi_dadd                             0x08005087   Thumb Code   322  dadd.o(.text)
    __aeabi_dsub                             0x080051c9   Thumb Code     6  dadd.o(.text)
    __aeabi_drsub                            0x080051cf   Thumb Code     6  dadd.o(.text)
    __aeabi_dmul                             0x080051d5   Thumb Code   228  dmul.o(.text)
    __aeabi_ddiv                             0x080052b9   Thumb Code   222  ddiv.o(.text)
    __aeabi_d2ulz                            0x08005397   Thumb Code    48  dfixul.o(.text)
    __aeabi_cdrcmple                         0x080053c9   Thumb Code    48  cdrcmple.o(.text)
    __scatterload                            0x080053f9   Thumb Code    28  init.o(.text)
    __scatterload_rt2                        0x080053f9   Thumb Code     0  init.o(.text)
    __aeabi_llsl                             0x0800541d   Thumb Code    30  llshl.o(.text)
    _ll_shift_l                              0x0800541d   Thumb Code     0  llshl.o(.text)
    __aeabi_llsr                             0x0800543b   Thumb Code    32  llushr.o(.text)
    _ll_ushift_r                             0x0800543b   Thumb Code     0  llushr.o(.text)
    __aeabi_lasr                             0x0800545b   Thumb Code    36  llsshr.o(.text)
    _ll_sshift_r                             0x0800545b   Thumb Code     0  llsshr.o(.text)
    _double_round                            0x0800547f   Thumb Code    30  depilogue.o(.text)
    _double_epilogue                         0x0800549d   Thumb Code   156  depilogue.o(.text)
    __0printf                                0x08005539   Thumb Code    22  printfa.o(i.__0printf)
    __1printf                                0x08005539   Thumb Code     0  printfa.o(i.__0printf)
    __2printf$full                           0x08005539   Thumb Code     0  printfa.o(i.__0printf)
    __c89printf                              0x08005539   Thumb Code     0  printfa.o(i.__0printf)
    printf                                   0x08005539   Thumb Code     0  printfa.o(i.__0printf)
    __0printf$8                              0x08005559   Thumb Code    22  printf8.o(i.__0printf$8)
    __1printf$8                              0x08005559   Thumb Code     0  printf8.o(i.__0printf$8)
    __2printf                                0x08005559   Thumb Code     0  printf8.o(i.__0printf$8)
    __0sprintf$8                             0x08005579   Thumb Code    34  printf8.o(i.__0sprintf$8)
    __1sprintf$8                             0x08005579   Thumb Code     0  printf8.o(i.__0sprintf$8)
    __2sprintf                               0x08005579   Thumb Code     0  printf8.o(i.__0sprintf$8)
    __scatterload_copy                       0x080055a1   Thumb Code    14  handlers.o(i.__scatterload_copy)
    __scatterload_null                       0x080055af   Thumb Code     2  handlers.o(i.__scatterload_null)
    __scatterload_zeroinit                   0x080055b1   Thumb Code    14  handlers.o(i.__scatterload_zeroinit)
    Region$$Table$$Base                      0x080062c8   Number         0  anon$$obj.o(Region$$Table)
    Region$$Table$$Limit                     0x080062e8   Number         0  anon$$obj.o(Region$$Table)
    SystemCoreClock                          0x20000000   Data           4  system_stm32f10x.o(.data)
    AHBPrescTable                            0x20000004   Data          16  system_stm32f10x.o(.data)
    txsize                                   0x20000028   Data           8  device.o(.data)
    rxsize                                   0x20000030   Data           8  device.o(.data)
    Dest_IP                                  0x20000038   Data           4  device.o(.data)
    Dest_PORT                                0x2000003c   Data           2  device.o(.data)
    Chconfig_Type_Def                        0x2000003e   Data           6  main.o(.data)
    I_STATUS                                 0x20000044   Data           8  main.o(.data)
    ch_status                                0x2000004c   Data           8  main.o(.data)
    Enable_DHCP                              0x20000054   Data           1  main.o(.data)
    MAC                                      0x20000055   Data           6  main.o(.data)
    C_Flag                                   0x2000005b   Data           1  main.o(.data)
    SRC_MAC_ADDR                             0x20000060   Data           4  dhcp.o(.data)
    GET_SN_MASK                              0x20000064   Data           4  dhcp.o(.data)
    GET_GW_IP                                0x20000068   Data           4  dhcp.o(.data)
    GET_DNS_IP                               0x2000006c   Data           4  dhcp.o(.data)
    DHCP_HOST_NAME                           0x20000070   Data           4  dhcp.o(.data)
    GET_SIP                                  0x20000074   Data           4  dhcp.o(.data)
    DHCP_SIP                                 0x20000078   Data           4  dhcp.o(.data)
    DHCP_REAL_SIP                            0x2000007c   Data           4  dhcp.o(.data)
    OLD_SIP                                  0x20000080   Data           4  dhcp.o(.data)
    dhcp_state                               0x20000084   Data           1  dhcp.o(.data)
    dhcp_retry_count                         0x20000085   Data           1  dhcp.o(.data)
    DHCP_timeout                             0x20000086   Data           1  dhcp.o(.data)
    dhcp_lease_time                          0x20000088   Data           4  dhcp.o(.data)
    dhcp_time                                0x2000008c   Data           4  dhcp.o(.data)
    next_dhcp_time                           0x20000090   Data           4  dhcp.o(.data)
    dhcp_tick_cnt                            0x20000094   Data           4  dhcp.o(.data)
    DHCP_timer                               0x20000098   Data           1  dhcp.o(.data)
    DHCP_XID                                 0x2000009c   Data           4  dhcp.o(.data)
    pRIPMSG                                  0x200000a0   Data           4  dhcp.o(.data)
    __stdout                                 0x200000ac   Data           4  stdout.o(.data)
    ConfigMsg                                0x200000b0   Data          33  device.o(.bss)
    RecvMsg                                  0x200000d1   Data          33  device.o(.bss)
    pub_buf                                  0x200000f2   Data        1460  device.o(.bss)
    buffer                                   0x200006a6   Data        2048  main.o(.bss)
    Config_Msg                               0x20000ea6   Data          23  main.o(.bss)
    TX_BUF                                   0x20000ebd   Data        2048  main.o(.bss)
    EXTERN_DHCPBUF                           0x200016ed   Data        1024  dhcp.o(.bss)
    __initial_sp                             0x20001f10   Data           0  startup_stm32f10x_hd.o(STACK)



==============================================================================

Memory Map of the image

  Image Entry point : 0x08000131

  Load Region LR_IROM1 (Base: 0x08000000, Size: 0x00006398, Max: 0x00080000, ABSOLUTE)

    Execution Region ER_IROM1 (Base: 0x08000000, Size: 0x000062e8, Max: 0x00080000, ABSOLUTE)

    Base Addr    Size         Type   Attr      Idx    E Section Name        Object

    0x08000000   0x00000130   Data   RO            3    RESET               startup_stm32f10x_hd.o
    0x08000130   0x00000000   Code   RO          717  * .ARM.Collect$$$$00000000  mc_w.l(entry.o)
    0x08000130   0x00000004   Code   RO         1003    .ARM.Collect$$$$00000001  mc_w.l(entry2.o)
    0x08000134   0x00000004   Code   RO         1006    .ARM.Collect$$$$00000004  mc_w.l(entry5.o)
    0x08000138   0x00000000   Code   RO         1008    .ARM.Collect$$$$00000008  mc_w.l(entry7b.o)
    0x08000138   0x00000000   Code   RO         1010    .ARM.Collect$$$$0000000A  mc_w.l(entry8b.o)
    0x08000138   0x00000008   Code   RO         1011    .ARM.Collect$$$$0000000B  mc_w.l(entry9a.o)
    0x08000140   0x00000000   Code   RO         1013    .ARM.Collect$$$$0000000D  mc_w.l(entry10a.o)
    0x08000140   0x00000000   Code   RO         1015    .ARM.Collect$$$$0000000F  mc_w.l(entry11a.o)
    0x08000140   0x00000004   Code   RO         1004    .ARM.Collect$$$$00002712  mc_w.l(entry2.o)
    0x08000144   0x00000024   Code   RO            4    .text               startup_stm32f10x_hd.o
    0x08000168   0x000001e0   Code   RO           24    .text               system_stm32f10x.o
    0x08000348   0x000000dc   Code   RO           91    .text               misc.o
    0x08000424   0x0000011c   Code   RO          218    .text               stm32f10x_exti.o
    0x08000540   0x000005bc   Code   RO          230    .text               stm32f10x_flash.o
    0x08000afc   0x0000035c   Code   RO          254    .text               stm32f10x_gpio.o
    0x08000e58   0x000003a4   Code   RO          308    .text               stm32f10x_rcc.o
    0x080011fc   0x0000030c   Code   RO          352    .text               stm32f10x_spi.o
    0x08001508   0x00000408   Code   RO          376    .text               stm32f10x_usart.o
    0x08001910   0x00000270   Code   RO          403    .text               at24c16.o
    0x08001b80   0x000002e4   Code   RO          429    .text               device.o
    0x08001e64   0x0000013c   Code   RO          465    .text               main.o
    0x08001fa0   0x000001d0   Code   RO          504    .text               mcu_init.o
    0x08002170   0x0000029c   Code   RO          516    .text               sockutil.o
    0x0800240c   0x00000034   Code   RO          545    .text               stm32f10x_it.o
    0x08002440   0x000002ac   Code   RO          563    .text               util.o
    0x080026ec   0x0000045c   Code   RO          584    .text               loopback.o
    0x08002b48   0x000000bc   Code   RO          603    .text               user_app.o
    0x08002c04   0x00001614   Code   RO          616    .text               dhcp.o
    0x08004218   0x0000068c   Code   RO          666    .text               socket.o
    0x080048a4   0x000000a8   Code   RO          684    .text               spi2.o
    0x0800494c   0x000005cc   Code   RO          699    .text               w5500.o
    0x08004f18   0x00000024   Code   RO          722    .text               mc_w.l(memseta.o)
    0x08004f3c   0x00000024   Code   RO          724    .text               mc_w.l(strstr.o)
    0x08004f60   0x00000018   Code   RO          726    .text               mc_w.l(strncpy.o)
    0x08004f78   0x0000000e   Code   RO          728    .text               mc_w.l(strlen.o)
    0x08004f86   0x0000001a   Code   RO          730    .text               mc_w.l(memcmp.o)
    0x08004fa0   0x00000012   Code   RO          732    .text               mc_w.l(strcpy.o)
    0x08004fb2   0x00000002   PAD
    0x08004fb4   0x00000044   Code   RO          734    .text               mc_w.l(strtok.o)
    0x08004ff8   0x0000002c   Code   RO         1018    .text               mc_w.l(uidiv.o)
    0x08005024   0x00000062   Code   RO         1020    .text               mc_w.l(uldiv.o)
    0x08005086   0x00000000   Code   RO         1022    .text               mc_w.l(iusefp.o)
    0x08005086   0x0000014e   Code   RO         1023    .text               mf_w.l(dadd.o)
    0x080051d4   0x000000e4   Code   RO         1025    .text               mf_w.l(dmul.o)
    0x080052b8   0x000000de   Code   RO         1027    .text               mf_w.l(ddiv.o)
    0x08005396   0x00000030   Code   RO         1029    .text               mf_w.l(dfixul.o)
    0x080053c6   0x00000002   PAD
    0x080053c8   0x00000030   Code   RO         1031    .text               mf_w.l(cdrcmple.o)
    0x080053f8   0x00000024   Code   RO         1033    .text               mc_w.l(init.o)
    0x0800541c   0x0000001e   Code   RO         1035    .text               mc_w.l(llshl.o)
    0x0800543a   0x00000020   Code   RO         1037    .text               mc_w.l(llushr.o)
    0x0800545a   0x00000024   Code   RO         1039    .text               mc_w.l(llsshr.o)
    0x0800547e   0x000000ba   Code   RO         1041    .text               mf_w.l(depilogue.o)
    0x08005538   0x00000020   Code   RO          975    i.__0printf         mc_w.l(printfa.o)
    0x08005558   0x00000020   Code   RO          949    i.__0printf$8       mc_w.l(printf8.o)
    0x08005578   0x00000028   Code   RO          951    i.__0sprintf$8      mc_w.l(printf8.o)
    0x080055a0   0x0000000e   Code   RO         1045    i.__scatterload_copy  mc_w.l(handlers.o)
    0x080055ae   0x00000002   Code   RO         1046    i.__scatterload_null  mc_w.l(handlers.o)
    0x080055b0   0x0000000e   Code   RO         1047    i.__scatterload_zeroinit  mc_w.l(handlers.o)
    0x080055be   0x00000002   PAD
    0x080055c0   0x00000164   Code   RO          982    i._fp_digits        mc_w.l(printfa.o)
    0x08005724   0x00000410   Code   RO          956    i._printf_core      mc_w.l(printf8.o)
    0x08005b34   0x000006dc   Code   RO          983    i._printf_core      mc_w.l(printfa.o)
    0x08006210   0x00000024   Code   RO          957    i._printf_post_padding  mc_w.l(printf8.o)
    0x08006234   0x00000024   Code   RO          984    i._printf_post_padding  mc_w.l(printfa.o)
    0x08006258   0x0000002e   Code   RO          958    i._printf_pre_padding  mc_w.l(printf8.o)
    0x08006286   0x0000002e   Code   RO          985    i._printf_pre_padding  mc_w.l(printfa.o)
    0x080062b4   0x0000000a   Code   RO          960    i._sputc            mc_w.l(printf8.o)
    0x080062be   0x00000002   PAD
    0x080062c0   0x00000005   Data   RO          618    .conststring        dhcp.o
    0x080062c5   0x00000003   PAD
    0x080062c8   0x00000020   Data   RO         1043    Region$$Table       anon$$obj.o


    Execution Region RW_IRAM1 (Base: 0x20000000, Size: 0x00001f10, Max: 0x00010000, ABSOLUTE)

    Base Addr    Size         Type   Attr      Idx    E Section Name        Object

    0x20000000   0x00000014   Data   RW           25    .data               system_stm32f10x.o
    0x20000014   0x00000014   Data   RW          309    .data               stm32f10x_rcc.o
    0x20000028   0x00000016   Data   RW          431    .data               device.o
    0x2000003e   0x0000001e   Data   RW          467    .data               main.o
    0x2000005c   0x00000004   Data   RW          564    .data               util.o
    0x20000060   0x00000044   Data   RW          619    .data               dhcp.o
    0x200000a4   0x00000002   Data   RW          667    .data               socket.o
    0x200000a6   0x00000002   PAD
    0x200000a8   0x00000004   Data   RW          735    .data               mc_w.l(strtok.o)
    0x200000ac   0x00000004   Data   RW         1017    .data               mc_w.l(stdout.o)
    0x200000b0   0x000005f6   Zero   RW          430    .bss                device.o
    0x200006a6   0x00001017   Zero   RW          466    .bss                main.o
    0x200016bd   0x00000030   Zero   RW          517    .bss                sockutil.o
    0x200016ed   0x00000400   Zero   RW          617    .bss                dhcp.o
    0x20001aed   0x00000001   PAD
    0x20001aee   0x00000020   Zero   RW          700    .bss                w5500.o
    0x20001b0e   0x00000002   PAD
    0x20001b10   0x00000400   Zero   RW            1    STACK               startup_stm32f10x_hd.o


==============================================================================

Image component sizes


      Code (inc. data)   RO Data    RW Data    ZI Data      Debug   Object Name

       624          4          0          0          0       7441   at24c16.o
         0          0          0          0          0       4504   core_cm3.o
       740         58          0         22       1526       6911   device.o
      5652       1590          5         68       1024       9650   dhcp.o
      1116        196          0          0          0       2574   loopback.o
       316         98          0         30       4119       4296   main.o
       464         18          0          0          0       1178   mcu_init.o
       220         22          0          0          0       1961   misc.o
      1676         48          0          2          0       4430   socket.o
       668         46          0          0         48       5455   sockutil.o
       168          8          0          0          0        976   spi2.o
        36          8        304          0       1024        932   startup_stm32f10x_hd.o
       284         10          0          0          0       2395   stm32f10x_exti.o
      1468         34          0          0          0       8190   stm32f10x_flash.o
       860         38          0          0          0       5801   stm32f10x_gpio.o
        52          0          0          0          0       1675   stm32f10x_it.o
       932         36          0         20          0       9048   stm32f10x_rcc.o
       780         14          0          0          0       6690   stm32f10x_spi.o
      1032         22          0          0          0       8532   stm32f10x_usart.o
       480         38          0         20          0     246199   system_stm32f10x.o
       188          8          0          0          0        810   user_app.o
       684         14          0          4          0       4593   util.o
      1484        102          0          0         32       7957   w5500.o

    ----------------------------------------------------------------------
     19924       2412        344        168       7776     352198   Object Totals
         0          0         32          0          0          0   (incl. Generated)
         0          0          3          2          3          0   (incl. Padding)

    ----------------------------------------------------------------------

      Code (inc. data)   RO Data    RW Data    ZI Data      Debug   Library Member Name

         0          0          0          0          0          0   entry.o
         0          0          0          0          0          0   entry10a.o
         0          0          0          0          0          0   entry11a.o
         8          4          0          0          0          0   entry2.o
         4          0          0          0          0          0   entry5.o
         0          0          0          0          0          0   entry7b.o
         0          0          0          0          0          0   entry8b.o
         8          4          0          0          0          0   entry9a.o
        30          0          0          0          0          0   handlers.o
        36          8          0          0          0         68   init.o
         0          0          0          0          0          0   iusefp.o
        30          0          0          0          0         68   llshl.o
        36          0          0          0          0         68   llsshr.o
        32          0          0          0          0         68   llushr.o
        26          0          0          0          0         80   memcmp.o
        36          0          0          0          0        108   memseta.o
      1204         60          0          0          0        504   printf8.o
      2226         90          0          0          0        444   printfa.o
         0          0          0          4          0          0   stdout.o
        18          0          0          0          0         68   strcpy.o
        14          0          0          0          0         68   strlen.o
        24          0          0          0          0         76   strncpy.o
        36          0          0          0          0         80   strstr.o
        68          6          0          4          0         80   strtok.o
        44          0          0          0          0         80   uidiv.o
        98          0          0          0          0         92   uldiv.o
        48          0          0          0          0         68   cdrcmple.o
       334          0          0          0          0        148   dadd.o
       222          0          0          0          0        100   ddiv.o
       186          0          0          0          0        176   depilogue.o
        48          0          0          0          0         68   dfixul.o
       228          0          0          0          0         96   dmul.o

    ----------------------------------------------------------------------
      5052        172          0          8          0       2608   Library Totals
         8          0          0          0          0          0   (incl. Padding)

    ----------------------------------------------------------------------

      Code (inc. data)   RO Data    RW Data    ZI Data      Debug   Library Name

      3978        172          0          8          0       1952   mc_w.l
      1066          0          0          0          0        656   mf_w.l

    ----------------------------------------------------------------------
      5052        172          0          8          0       2608   Library Totals

    ----------------------------------------------------------------------

==============================================================================


      Code (inc. data)   RO Data    RW Data    ZI Data      Debug   

     24976       2584        344        176       7776     351474   Grand Totals
     24976       2584        344        176       7776     351474   ELF Image Totals
     24976       2584        344        176          0          0   ROM Totals

==============================================================================

    Total RO  Size (Code + RO Data)                25320 (  24.73kB)
    Total RW  Size (RW Data + ZI Data)              7952 (   7.77kB)
    Total ROM Size (Code + RO Data + RW Data)      25496 (  24.90kB)

==============================================================================

